10.139.30.85 - - [08/Dec/2017:11:26:10 +0800] "GET /microserver_dev/microserver109.html HTTP/1.1" 200 31401 "-" "Mozilla/5.0 (Windows NT 6.1; WOW64) AppleWebKit/537.36 (KHTML, like Gecko) Chrome/62.0.3202.94 Safari/537.36"
10.139.30.85 - - [08/Dec/2017:11:26:10 +0800] "GET /favicon.ico HTTP/1.1" 404 571 "http://dell-test-andri.vcredit.cn/microserver_dev/microserver109.html" "Mozilla/5.0 (Windows NT 6.1; WOW64) AppleWebKit/537.36 (KHTML, like Gecko) Chrome/62.0.3202.94 Safari/537.36"
10.139.30.84 - - [08/Dec/2017:11:31:10 +0800] "GET /microserver_dev/microserver109.html HTTP/1.1" 200 31401 "-" "Mozilla/4.0 (compatible; MSIE 8.0; Windows NT 6.1; WOW64; Trident/4.0; SLCC2; .NET CLR 2.0.50727; .NET CLR 3.5.30729; .NET CLR 3.0.30729; Media Center PC 6.0; .NET4.0C; .NET4.0E; InfoPath.3)"
10.139.30.85 - - [08/Dec/2017:13:20:09 +0800] "GET /microserver/microserver251.html HTTP/1.1" 200 31401 "-" "Mozilla/5.0 (Windows NT 6.1; WOW64) AppleWebKit/537.36 (KHTML, like Gecko) Chrome/62.0.3202.94 Safari/537.36"
10.139.30.85 - - [08/Dec/2017:17:31:30 +0800] "GET /microserver_dev/microserver110.html HTTP/1.1" 200 32253 "-" "Mozilla/5.0 (Windows NT 6.1; WOW64) AppleWebKit/537.36 (KHTML, like Gecko) Chrome/62.0.3202.94 Safari/537.36"
10.139.30.84 - - [08/Dec/2017:17:34:35 +0800] "GET /microserver_dev/microserver110.html HTTP/1.1" 200 32253 "-" "Mozilla/4.0 (compatible; MSIE 8.0; Windows NT 6.1; WOW64; Trident/4.0; SLCC2; .NET CLR 2.0.50727; .NET CLR 3.5.30729; .NET CLR 3.0.30729; Media Center PC 6.0; .NET4.0C; .NET4.0E; InfoPath.3)"
10.139.30.84 - - [08/Dec/2017:17:35:45 +0800] "GET /microserver_dev/microserver110.html HTTP/1.1" 304 0 "-" "Mozilla/4.0 (compatible; MSIE 8.0; Windows NT 6.1; WOW64; Trident/4.0; SLCC2; .NET CLR 2.0.50727; .NET CLR 3.5.30729; .NET CLR 3.0.30729; Media Center PC 6.0; .NET4.0C; .NET4.0E; InfoPath.3)"
10.139.30.85 - - [11/Dec/2017:08:48:48 +0800] "GET /microserver/microserver252.html HTTP/1.1" 200 32460 "-" "Mozilla/5.0 (Windows NT 6.1; WOW64) AppleWebKit/537.36 (KHTML, like Gecko) Chrome/62.0.3202.94 Safari/537.36"
10.139.30.85 - - [11/Dec/2017:08:48:51 +0800] "GET /favicon.ico HTTP/1.1" 404 571 "http://dell-test-andri.vcredit.cn/microserver/microserver252.html" "Mozilla/5.0 (Windows NT 6.1; WOW64) AppleWebKit/537.36 (KHTML, like Gecko) Chrome/62.0.3202.94 Safari/537.36"
10.139.30.85 - - [11/Dec/2017:08:49:33 +0800] "GET /microserver_dev/microserver113.html HTTP/1.1" 200 33318 "-" "Mozilla/5.0 (Windows NT 6.1; WOW64) AppleWebKit/537.36 (KHTML, like Gecko) Chrome/62.0.3202.94 Safari/537.36"
10.139.30.85 - - [11/Dec/2017:08:49:33 +0800] "GET /favicon.ico HTTP/1.1" 404 571 "http://dell-test-andri.vcredit.cn/microserver_dev/microserver113.html" "Mozilla/5.0 (Windows NT 6.1; WOW64) AppleWebKit/537.36 (KHTML, like Gecko) Chrome/62.0.3202.94 Safari/537.36"
10.139.30.95 - - [11/Dec/2017:08:52:32 +0800] "GET /microserver/microserver252.html HTTP/1.1" 200 32460 "-" "Mozilla/5.0 (Windows NT 6.1; WOW64) AppleWebKit/537.36 (KHTML, like Gecko) Chrome/62.0.3202.94 Safari/537.36"
10.139.30.95 - - [11/Dec/2017:08:52:33 +0800] "GET /favicon.ico HTTP/1.1" 404 571 "http://dell-test-andri.vcredit.cn/microserver/microserver252.html" "Mozilla/5.0 (Windows NT 6.1; WOW64) AppleWebKit/537.36 (KHTML, like Gecko) Chrome/62.0.3202.94 Safari/537.36"
10.139.30.98 - - [11/Dec/2017:09:12:32 +0800] "GET /microserver/microserver253.html HTTP/1.1" 200 32460 "-" "Mozilla/4.0 (compatible; MSIE 8.0; Windows NT 6.1; WOW64; Trident/4.0; SLCC2; .NET CLR 2.0.50727; .NET CLR 3.5.30729; .NET CLR 3.0.30729; Media Center PC 6.0; InfoPath.3; .NET4.0C; .NET4.0E)"
10.139.30.98 - - [11/Dec/2017:09:12:34 +0800] "GET /favicon.ico HTTP/1.1" 404 571 "-" "Mozilla/4.0 (compatible; MSIE 8.0; Windows NT 6.1; WOW64; Trident/4.0; SLCC2; .NET CLR 2.0.50727; .NET CLR 3.5.30729; .NET CLR 3.0.30729; Media Center PC 6.0; InfoPath.3; .NET4.0C; .NET4.0E)"
10.139.30.98 - - [11/Dec/2017:09:12:48 +0800] "GET /microserver/microserver254.html HTTP/1.1" 200 32460 "-" "Mozilla/4.0 (compatible; MSIE 8.0; Windows NT 6.1; WOW64; Trident/4.0; SLCC2; .NET CLR 2.0.50727; .NET CLR 3.5.30729; .NET CLR 3.0.30729; Media Center PC 6.0; InfoPath.3; .NET4.0C; .NET4.0E)"
10.139.30.85 - - [11/Dec/2017:09:30:50 +0800] "GET /microserver_dev/microserver113.html HTTP/1.1" 304 0 "-" "Mozilla/5.0 (Windows NT 6.1; WOW64) AppleWebKit/537.36 (KHTML, like Gecko) Chrome/62.0.3202.94 Safari/537.36"
10.139.30.85 - - [11/Dec/2017:09:30:50 +0800] "GET /favicon.ico HTTP/1.1" 404 571 "http://dell-test-andri.vcredit.cn/microserver_dev/microserver113.html" "Mozilla/5.0 (Windows NT 6.1; WOW64) AppleWebKit/537.36 (KHTML, like Gecko) Chrome/62.0.3202.94 Safari/537.36"
10.139.30.84 - - [11/Dec/2017:09:46:09 +0800] "GET /microserver_dev/microserver113.html HTTP/1.1" 200 33318 "-" "Mozilla/4.0 (compatible; MSIE 8.0; Windows NT 6.1; WOW64; Trident/4.0; SLCC2; .NET CLR 2.0.50727; .NET CLR 3.5.30729; .NET CLR 3.0.30729; Media Center PC 6.0; .NET4.0C; .NET4.0E; InfoPath.3)"
10.139.30.84 - - [11/Dec/2017:10:27:09 +0800] "GET /microserver/microserver254.html HTTP/1.1" 200 32460 "-" "Mozilla/4.0 (compatible; MSIE 8.0; Windows NT 6.1; WOW64; Trident/4.0; SLCC2; .NET CLR 2.0.50727; .NET CLR 3.5.30729; .NET CLR 3.0.30729; Media Center PC 6.0; .NET4.0C; .NET4.0E; InfoPath.3)"
10.139.30.85 - - [11/Dec/2017:17:01:23 +0800] "GET /microserver_dev/microserver114.html HTTP/1.1" 200 36736 "-" "Mozilla/5.0 (Windows NT 6.1; WOW64) AppleWebKit/537.36 (KHTML, like Gecko) Chrome/62.0.3202.94 Safari/537.36"
10.139.30.85 - - [11/Dec/2017:17:12:45 +0800] "GET /microserver_dev/microserver115.html HTTP/1.1" 200 34641 "-" "Mozilla/5.0 (Windows NT 6.1; WOW64) AppleWebKit/537.36 (KHTML, like Gecko) Chrome/62.0.3202.94 Safari/537.36"
10.139.30.84 - - [11/Dec/2017:17:25:40 +0800] "GET /microserver_dev/microserver115.html HTTP/1.1" 200 34641 "-" "Mozilla/4.0 (compatible; MSIE 8.0; Windows NT 6.1; WOW64; Trident/4.0; SLCC2; .NET CLR 2.0.50727; .NET CLR 3.5.30729; .NET CLR 3.0.30729; Media Center PC 6.0; .NET4.0C; .NET4.0E; InfoPath.3)"
10.139.30.84 - - [11/Dec/2017:17:26:12 +0800] "GET /microserver_dev/microserver115.html HTTP/1.1" 200 34641 "-" "Mozilla/5.0 (Windows NT 6.1; WOW64) AppleWebKit/537.36 (KHTML, like Gecko) Chrome/62.0.3202.94 Safari/537.36"
10.139.30.84 - - [11/Dec/2017:17:26:14 +0800] "GET /favicon.ico HTTP/1.1" 404 571 "http://dell-test-andri.vcredit.cn/microserver_dev/microserver115.html" "Mozilla/5.0 (Windows NT 6.1; WOW64) AppleWebKit/537.36 (KHTML, like Gecko) Chrome/62.0.3202.94 Safari/537.36"
10.139.30.84 - - [11/Dec/2017:17:29:36 +0800] "GET /microserver_dev/microserver115.html HTTP/1.1" 304 0 "-" "Mozilla/4.0 (compatible; MSIE 8.0; Windows NT 6.1; WOW64; Trident/4.0; SLCC2; .NET CLR 2.0.50727; .NET CLR 3.5.30729; .NET CLR 3.0.30729; Media Center PC 6.0; .NET4.0C; .NET4.0E; InfoPath.3)"
10.139.30.84 - - [11/Dec/2017:17:30:25 +0800] "GET /microserver_dev/microserver115.html HTTP/1.1" 304 0 "-" "Mozilla/4.0 (compatible; MSIE 8.0; Windows NT 6.1; WOW64; Trident/4.0; SLCC2; .NET CLR 2.0.50727; .NET CLR 3.5.30729; .NET CLR 3.0.30729; Media Center PC 6.0; .NET4.0C; .NET4.0E; InfoPath.3)"
10.139.30.84 - - [11/Dec/2017:17:38:49 +0800] "GET /microserver_dev/microserver115.html HTTP/1.1" 304 0 "-" "Mozilla/4.0 (compatible; MSIE 8.0; Windows NT 6.1; WOW64; Trident/4.0; SLCC2; .NET CLR 2.0.50727; .NET CLR 3.5.30729; .NET CLR 3.0.30729; Media Center PC 6.0; .NET4.0C; .NET4.0E; InfoPath.3)"
10.139.30.84 - - [11/Dec/2017:19:10:59 +0800] "GET /microserver_dev/microserver116.html HTTP/1.1" 200 34641 "-" "Mozilla/4.0 (compatible; MSIE 8.0; Windows NT 6.1; WOW64; Trident/4.0; SLCC2; .NET CLR 2.0.50727; .NET CLR 3.5.30729; .NET CLR 3.0.30729; Media Center PC 6.0; .NET4.0C; .NET4.0E; InfoPath.3)"
10.139.30.84 - - [11/Dec/2017:19:11:13 +0800] "GET /microserver_dev/microserver116.html HTTP/1.1" 200 34641 "-" "Mozilla/5.0 (Windows NT 6.1; WOW64) AppleWebKit/537.36 (KHTML, like Gecko) Chrome/62.0.3202.94 Safari/537.36"
10.139.30.84 - - [11/Dec/2017:19:11:13 +0800] "GET /favicon.ico HTTP/1.1" 404 571 "http://dell-test-andri.vcredit.cn/microserver_dev/microserver116.html" "Mozilla/5.0 (Windows NT 6.1; WOW64) AppleWebKit/537.36 (KHTML, like Gecko) Chrome/62.0.3202.94 Safari/537.36"
10.139.30.85 - - [11/Dec/2017:19:32:04 +0800] "GET /microserver_dev/microserver116.html HTTP/1.1" 200 34641 "-" "Mozilla/5.0 (Windows NT 6.1; WOW64) AppleWebKit/537.36 (KHTML, like Gecko) Chrome/62.0.3202.94 Safari/537.36"
10.139.30.85 - - [11/Dec/2017:19:32:05 +0800] "GET /favicon.ico HTTP/1.1" 404 571 "http://dell-test-andri.vcredit.cn/microserver_dev/microserver116.html" "Mozilla/5.0 (Windows NT 6.1; WOW64) AppleWebKit/537.36 (KHTML, like Gecko) Chrome/62.0.3202.94 Safari/537.36"
10.139.30.85 - - [12/Dec/2017:08:57:26 +0800] "GET /microserver/microserver255.html HTTP/1.1" 200 35463 "-" "Mozilla/5.0 (Windows NT 6.1; WOW64) AppleWebKit/537.36 (KHTML, like Gecko) Chrome/62.0.3202.94 Safari/537.36"
10.139.30.85 - - [12/Dec/2017:08:57:28 +0800] "GET /favicon.ico HTTP/1.1" 404 571 "http://dell-test-andri.vcredit.cn/microserver/microserver255.html" "Mozilla/5.0 (Windows NT 6.1; WOW64) AppleWebKit/537.36 (KHTML, like Gecko) Chrome/62.0.3202.94 Safari/537.36"
10.139.30.85 - - [12/Dec/2017:08:58:28 +0800] "GET /microserver_dev/microserver117.html HTTP/1.1" 200 35469 "-" "Mozilla/5.0 (Windows NT 6.1; WOW64) AppleWebKit/537.36 (KHTML, like Gecko) Chrome/62.0.3202.94 Safari/537.36"
10.139.30.85 - - [12/Dec/2017:08:58:30 +0800] "GET /favicon.ico HTTP/1.1" 404 571 "http://dell-test-andri.vcredit.cn/microserver_dev/microserver117.html" "Mozilla/5.0 (Windows NT 6.1; WOW64) AppleWebKit/537.36 (KHTML, like Gecko) Chrome/62.0.3202.94 Safari/537.36"
10.139.30.96 - - [12/Dec/2017:09:15:47 +0800] "GET /microserver/microserver252.html HTTP/1.1" 200 32460 "-" "Mozilla/5.0 (Windows NT 6.1; WOW64) AppleWebKit/537.36 (KHTML, like Gecko) Chrome/62.0.3202.94 Safari/537.36"
10.139.30.96 - - [12/Dec/2017:09:15:48 +0800] "GET /favicon.ico HTTP/1.1" 404 571 "http://dell-test-andri.vcredit.cn/microserver/microserver252.html" "Mozilla/5.0 (Windows NT 6.1; WOW64) AppleWebKit/537.36 (KHTML, like Gecko) Chrome/62.0.3202.94 Safari/537.36"
10.139.30.97 - - [12/Dec/2017:10:02:44 +0800] "GET /microserver/microserver255.html HTTP/1.1" 200 35463 "-" "Mozilla/5.0 (Windows NT 6.1; Win64; x64; rv:57.0) Gecko/20100101 Firefox/57.0"
10.139.30.97 - - [12/Dec/2017:10:02:45 +0800] "GET /favicon.ico HTTP/1.1" 404 169 "-" "Mozilla/5.0 (Windows NT 6.1; Win64; x64; rv:57.0) Gecko/20100101 Firefox/57.0"
10.139.30.97 - - [12/Dec/2017:10:06:15 +0800] "GET /favicon.ico HTTP/1.1" 404 169 "-" "Mozilla/5.0 (Windows NT 6.1; Win64; x64; rv:57.0) Gecko/20100101 Firefox/57.0"
10.139.30.96 - - [13/Dec/2017:08:58:54 +0800] "GET /microserver/microserver256.html HTTP/1.1" 200 35463 "-" "Mozilla/5.0 (Windows NT 6.1; WOW64) AppleWebKit/537.36 (KHTML, like Gecko) Chrome/62.0.3202.94 Safari/537.36"
10.139.30.96 - - [13/Dec/2017:08:58:54 +0800] "GET /favicon.ico HTTP/1.1" 404 571 "http://dell-test-andri.vcredit.cn/microserver/microserver256.html" "Mozilla/5.0 (Windows NT 6.1; WOW64) AppleWebKit/537.36 (KHTML, like Gecko) Chrome/62.0.3202.94 Safari/537.36"
10.139.30.84 - - [13/Dec/2017:09:21:37 +0800] "GET /microserver/microserver256.html HTTP/1.1" 200 35463 "-" "Mozilla/4.0 (compatible; MSIE 8.0; Windows NT 6.1; WOW64; Trident/4.0; SLCC2; .NET CLR 2.0.50727; .NET CLR 3.5.30729; .NET CLR 3.0.30729; Media Center PC 6.0; .NET4.0C; .NET4.0E; InfoPath.3)"
10.139.30.170 - - [13/Dec/2017:19:57:35 +0800] "GET / HTTP/1.1" 200 612 "-" "Mozilla/5.0 (Windows NT 6.1; WOW64; rv:56.0) Gecko/20100101 Firefox/56.0"
10.139.30.170 - - [13/Dec/2017:19:57:35 +0800] "GET /favicon.ico HTTP/1.1" 404 169 "-" "Mozilla/5.0 (Windows NT 6.1; WOW64; rv:56.0) Gecko/20100101 Firefox/56.0"
10.139.30.170 - - [13/Dec/2017:19:57:45 +0800] "GET /kbstemp/index.html HTTP/1.1" 200 13 "-" "Mozilla/5.0 (Windows NT 6.1; WOW64; rv:56.0) Gecko/20100101 Firefox/56.0"
10.139.30.96 - - [14/Dec/2017:08:59:15 +0800] "GET /microserver/microserver257.html HTTP/1.1" 200 34641 "-" "Mozilla/5.0 (Windows NT 6.1; WOW64) AppleWebKit/537.36 (KHTML, like Gecko) Chrome/62.0.3202.94 Safari/537.36"
10.139.30.84 - - [14/Dec/2017:09:08:55 +0800] "GET /microserver/microserver257.html HTTP/1.1" 200 34641 "-" "Mozilla/4.0 (compatible; MSIE 8.0; Windows NT 6.1; WOW64; Trident/4.0; SLCC2; .NET CLR 2.0.50727; .NET CLR 3.5.30729; .NET CLR 3.0.30729; Media Center PC 6.0; .NET4.0C; .NET4.0E; InfoPath.3)"
10.139.30.85 - - [14/Dec/2017:09:12:04 +0800] "GET /microserver/microserver257.html HTTP/1.1" 200 34641 "-" "Mozilla/5.0 (Windows NT 6.1; WOW64) AppleWebKit/537.36 (KHTML, like Gecko) Chrome/62.0.3202.94 Safari/537.36"
10.139.30.85 - - [14/Dec/2017:09:12:05 +0800] "GET /favicon.ico HTTP/1.1" 404 571 "http://dell-test-andri.vcredit.cn/microserver/microserver257.html" "Mozilla/5.0 (Windows NT 6.1; WOW64) AppleWebKit/537.36 (KHTML, like Gecko) Chrome/62.0.3202.94 Safari/537.36"
10.139.30.85 - - [14/Dec/2017:09:12:15 +0800] "GET /microserver_dev/microserver119.html HTTP/1.1" 200 34641 "-" "Mozilla/5.0 (Windows NT 6.1; WOW64) AppleWebKit/537.36 (KHTML, like Gecko) Chrome/62.0.3202.94 Safari/537.36"
10.139.30.85 - - [14/Dec/2017:09:12:16 +0800] "GET /favicon.ico HTTP/1.1" 404 571 "http://dell-test-andri.vcredit.cn/microserver_dev/microserver119.html" "Mozilla/5.0 (Windows NT 6.1; WOW64) AppleWebKit/537.36 (KHTML, like Gecko) Chrome/62.0.3202.94 Safari/537.36"
10.139.30.96 - - [15/Dec/2017:09:04:11 +0800] "GET /microserver/microserver258.html HTTP/1.1" 200 34641 "-" "Mozilla/5.0 (Windows NT 6.1; WOW64) AppleWebKit/537.36 (KHTML, like Gecko) Chrome/62.0.3202.94 Safari/537.36"
10.139.30.84 - - [15/Dec/2017:09:18:02 +0800] "GET /microserver_dev/microserver120.html HTTP/1.1" 200 34641 "-" "Mozilla/4.0 (compatible; MSIE 8.0; Windows NT 6.1; WOW64; Trident/4.0; SLCC2; .NET CLR 2.0.50727; .NET CLR 3.5.30729; .NET CLR 3.0.30729; Media Center PC 6.0; .NET4.0C; .NET4.0E; InfoPath.3)"
10.139.30.84 - - [15/Dec/2017:09:18:09 +0800] "GET /microserver/microserver258.html HTTP/1.1" 200 34641 "-" "Mozilla/4.0 (compatible; MSIE 8.0; Windows NT 6.1; WOW64; Trident/4.0; SLCC2; .NET CLR 2.0.50727; .NET CLR 3.5.30729; .NET CLR 3.0.30729; Media Center PC 6.0; .NET4.0C; .NET4.0E; InfoPath.3)"
10.139.30.85 - - [15/Dec/2017:09:31:13 +0800] "GET /microserver_dev/microserver120.html HTTP/1.1" 200 34641 "-" "Mozilla/5.0 (Windows NT 6.1; WOW64) AppleWebKit/537.36 (KHTML, like Gecko) Chrome/62.0.3202.94 Safari/537.36"
10.139.30.85 - - [15/Dec/2017:09:31:15 +0800] "GET /favicon.ico HTTP/1.1" 404 571 "http://dell-test-andri.vcredit.cn/microserver_dev/microserver120.html" "Mozilla/5.0 (Windows NT 6.1; WOW64) AppleWebKit/537.36 (KHTML, like Gecko) Chrome/62.0.3202.94 Safari/537.36"
10.139.30.85 - - [17/Dec/2017:11:41:49 +0800] "GET /microserver_dev/microserver122.html HTTP/1.1" 200 36269 "-" "Mozilla/5.0 (Windows NT 6.1; WOW64) AppleWebKit/537.36 (KHTML, like Gecko) Chrome/62.0.3202.94 Safari/537.36"
10.139.30.85 - - [17/Dec/2017:11:41:50 +0800] "GET /favicon.ico HTTP/1.1" 404 571 "http://dell-test-andri.vcredit.cn/microserver_dev/microserver122.html" "Mozilla/5.0 (Windows NT 6.1; WOW64) AppleWebKit/537.36 (KHTML, like Gecko) Chrome/62.0.3202.94 Safari/537.36"
10.139.30.96 - - [18/Dec/2017:09:05:36 +0800] "GET /microserver/microserver261.html HTTP/1.1" 200 37072 "-" "Mozilla/5.0 (Windows NT 6.1; WOW64) AppleWebKit/537.36 (KHTML, like Gecko) Chrome/62.0.3202.94 Safari/537.36"
10.139.30.85 - - [18/Dec/2017:09:05:48 +0800] "GET /microserver/microserver261.html HTTP/1.1" 200 37072 "-" "Mozilla/5.0 (Windows NT 6.1; WOW64) AppleWebKit/537.36 (KHTML, like Gecko) Chrome/62.0.3202.94 Safari/537.36"
10.139.30.85 - - [18/Dec/2017:09:05:48 +0800] "GET /favicon.ico HTTP/1.1" 404 571 "http://dell-test-andri.vcredit.cn/microserver/microserver261.html" "Mozilla/5.0 (Windows NT 6.1; WOW64) AppleWebKit/537.36 (KHTML, like Gecko) Chrome/62.0.3202.94 Safari/537.36"
10.139.30.84 - - [19/Dec/2017:18:36:06 +0800] "GET /microserver/microserver261.html HTTP/1.1" 200 37072 "-" "Mozilla/4.0 (compatible; MSIE 8.0; Windows NT 6.1; WOW64; Trident/4.0; SLCC2; .NET CLR 2.0.50727; .NET CLR 3.5.30729; .NET CLR 3.0.30729; Media Center PC 6.0; .NET4.0C; .NET4.0E; InfoPath.3)"
10.139.30.85 - - [20/Dec/2017:08:53:50 +0800] "GET /microserver/microserver262.html HTTP/1.1" 200 37072 "-" "Mozilla/5.0 (Windows NT 6.1; WOW64) AppleWebKit/537.36 (KHTML, like Gecko) Chrome/62.0.3202.94 Safari/537.36"
10.139.30.85 - - [20/Dec/2017:08:53:52 +0800] "GET /favicon.ico HTTP/1.1" 404 571 "http://dell-test-andri.vcredit.cn/microserver/microserver262.html" "Mozilla/5.0 (Windows NT 6.1; WOW64) AppleWebKit/537.36 (KHTML, like Gecko) Chrome/62.0.3202.94 Safari/537.36"
10.139.30.84 - - [20/Dec/2017:09:08:43 +0800] "GET /microserver/microserver262.html HTTP/1.1" 200 37072 "-" "Mozilla/4.0 (compatible; MSIE 8.0; Windows NT 6.1; WOW64; Trident/4.0; SLCC2; .NET CLR 2.0.50727; .NET CLR 3.5.30729; .NET CLR 3.0.30729; Media Center PC 6.0; .NET4.0C; .NET4.0E; InfoPath.3)"
10.139.30.84 - - [20/Dec/2017:09:10:59 +0800] "GET /microserver/microserver262.html HTTP/1.1" 304 0 "-" "Mozilla/4.0 (compatible; MSIE 8.0; Windows NT 6.1; WOW64; Trident/4.0; SLCC2; .NET CLR 2.0.50727; .NET CLR 3.5.30729; .NET CLR 3.0.30729; Media Center PC 6.0; .NET4.0C; .NET4.0E; InfoPath.3)"
10.139.30.96 - - [22/Dec/2017:09:29:19 +0800] "GET /microserver/microserver264.html HTTP/1.1" 200 37072 "-" "Mozilla/5.0 (Windows NT 6.1; WOW64) AppleWebKit/537.36 (KHTML, like Gecko) Chrome/63.0.3239.84 Safari/537.36"
10.139.30.96 - - [22/Dec/2017:09:29:19 +0800] "GET /favicon.ico HTTP/1.1" 404 571 "http://dell-test-andri.vcredit.cn/microserver/microserver264.html" "Mozilla/5.0 (Windows NT 6.1; WOW64) AppleWebKit/537.36 (KHTML, like Gecko) Chrome/63.0.3239.84 Safari/537.36"
10.139.30.85 - - [22/Dec/2017:09:58:18 +0800] "GET /microserver/microserver264.html HTTP/1.1" 200 37072 "-" "Mozilla/5.0 (Windows NT 6.1; WOW64) AppleWebKit/537.36 (KHTML, like Gecko) Chrome/63.0.3239.84 Safari/537.36"
10.139.30.85 - - [22/Dec/2017:09:58:19 +0800] "GET /favicon.ico HTTP/1.1" 404 571 "http://dell-test-andri.vcredit.cn/microserver/microserver264.html" "Mozilla/5.0 (Windows NT 6.1; WOW64) AppleWebKit/537.36 (KHTML, like Gecko) Chrome/63.0.3239.84 Safari/537.36"
10.139.30.84 - - [22/Dec/2017:10:07:21 +0800] "GET /microserver/microserver263.html HTTP/1.1" 200 39741 "-" "Mozilla/4.0 (compatible; MSIE 8.0; Windows NT 6.1; WOW64; Trident/4.0; SLCC2; .NET CLR 2.0.50727; .NET CLR 3.5.30729; .NET CLR 3.0.30729; Media Center PC 6.0; .NET4.0C; .NET4.0E; InfoPath.3)"
10.139.30.84 - - [22/Dec/2017:11:04:32 +0800] "GET /microserver/microserver264.html HTTP/1.1" 200 37072 "-" "Mozilla/4.0 (compatible; MSIE 8.0; Windows NT 6.1; WOW64; Trident/4.0; SLCC2; .NET CLR 2.0.50727; .NET CLR 3.5.30729; .NET CLR 3.0.30729; Media Center PC 6.0; .NET4.0C; .NET4.0E; InfoPath.3)"
10.139.30.85 - - [22/Dec/2017:11:15:49 +0800] "GET /microserver_dev/microserver124.html HTTP/1.1" 200 30763 "-" "Mozilla/5.0 (Windows NT 6.1; WOW64) AppleWebKit/537.36 (KHTML, like Gecko) Chrome/63.0.3239.84 Safari/537.36"
10.139.30.85 - - [22/Dec/2017:11:20:40 +0800] "GET /microserver/microserver264.html HTTP/1.1" 304 0 "-" "Mozilla/5.0 (Windows NT 6.1; WOW64) AppleWebKit/537.36 (KHTML, like Gecko) Chrome/63.0.3239.84 Safari/537.36"
10.139.30.84 - - [22/Dec/2017:15:15:10 +0800] "GET /microserver/microserver265.html HTTP/1.1" 200 30763 "-" "Mozilla/4.0 (compatible; MSIE 8.0; Windows NT 6.1; WOW64; Trident/4.0; SLCC2; .NET CLR 2.0.50727; .NET CLR 3.5.30729; .NET CLR 3.0.30729; Media Center PC 6.0; .NET4.0C; .NET4.0E; InfoPath.3)"
10.139.30.84 - - [22/Dec/2017:15:15:11 +0800] "GET /favicon.ico HTTP/1.1" 404 571 "-" "Mozilla/4.0 (compatible; MSIE 8.0; Windows NT 6.1; WOW64; Trident/4.0; SLCC2; .NET CLR 2.0.50727; .NET CLR 3.5.30729; .NET CLR 3.0.30729; Media Center PC 6.0; .NET4.0C; .NET4.0E; InfoPath.3)"
10.139.30.85 - - [22/Dec/2017:15:27:40 +0800] "GET /microserver/microserver265.html HTTP/1.1" 200 30763 "-" "Mozilla/5.0 (Windows NT 6.1; WOW64) AppleWebKit/537.36 (KHTML, like Gecko) Chrome/63.0.3239.84 Safari/537.36"
10.139.30.96 - - [25/Dec/2017:09:09:49 +0800] "GET /microserver/microserver268.html HTTP/1.1" 200 30763 "-" "Mozilla/5.0 (Windows NT 6.1; WOW64) AppleWebKit/537.36 (KHTML, like Gecko) Chrome/63.0.3239.84 Safari/537.36"
10.139.30.96 - - [25/Dec/2017:09:09:50 +0800] "GET /favicon.ico HTTP/1.1" 404 571 "http://dell-test-andri.vcredit.cn/microserver/microserver268.html" "Mozilla/5.0 (Windows NT 6.1; WOW64) AppleWebKit/537.36 (KHTML, like Gecko) Chrome/63.0.3239.84 Safari/537.36"
10.139.30.84 - - [25/Dec/2017:09:12:00 +0800] "GET /microserver/microserver268.html HTTP/1.1" 200 30763 "-" "Mozilla/4.0 (compatible; MSIE 8.0; Windows NT 6.1; WOW64; Trident/4.0; SLCC2; .NET CLR 2.0.50727; .NET CLR 3.5.30729; .NET CLR 3.0.30729; Media Center PC 6.0; .NET4.0C; .NET4.0E; InfoPath.3)"
10.139.30.84 - - [25/Dec/2017:09:12:02 +0800] "GET /favicon.ico HTTP/1.1" 404 571 "-" "Mozilla/4.0 (compatible; MSIE 8.0; Windows NT 6.1; WOW64; Trident/4.0; SLCC2; .NET CLR 2.0.50727; .NET CLR 3.5.30729; .NET CLR 3.0.30729; Media Center PC 6.0; .NET4.0C; .NET4.0E; InfoPath.3)"
10.139.30.84 - - [25/Dec/2017:09:14:17 +0800] "GET /microserver_dev/microserver127.html HTTP/1.1" 200 30763 "-" "Mozilla/4.0 (compatible; MSIE 8.0; Windows NT 6.1; WOW64; Trident/4.0; SLCC2; .NET CLR 2.0.50727; .NET CLR 3.5.30729; .NET CLR 3.0.30729; Media Center PC 6.0; .NET4.0C; .NET4.0E; InfoPath.3)"
10.139.30.84 - - [25/Dec/2017:09:15:51 +0800] "GET /microserver/microserver268.html HTTP/1.1" 304 0 "-" "Mozilla/4.0 (compatible; MSIE 8.0; Windows NT 6.1; WOW64; Trident/4.0; SLCC2; .NET CLR 2.0.50727; .NET CLR 3.5.30729; .NET CLR 3.0.30729; Media Center PC 6.0; .NET4.0C; .NET4.0E; InfoPath.3)"
10.139.30.84 - - [25/Dec/2017:09:16:08 +0800] "GET /microserver/microserver268.html HTTP/1.1" 200 30763 "-" "Mozilla/5.0 (Windows NT 6.1; WOW64) AppleWebKit/537.36 (KHTML, like Gecko) Chrome/63.0.3239.84 Safari/537.36"
10.139.30.84 - - [25/Dec/2017:09:16:09 +0800] "GET /favicon.ico HTTP/1.1" 404 571 "http://dell-test-andri.vcredit.cn/microserver/microserver268.html" "Mozilla/5.0 (Windows NT 6.1; WOW64) AppleWebKit/537.36 (KHTML, like Gecko) Chrome/63.0.3239.84 Safari/537.36"
10.139.30.84 - - [25/Dec/2017:09:18:27 +0800] "GET /microserver/microserver267.html HTTP/1.1" 200 30763 "-" "Mozilla/5.0 (Windows NT 6.1; WOW64) AppleWebKit/537.36 (KHTML, like Gecko) Chrome/63.0.3239.84 Safari/537.36"
10.139.30.84 - - [25/Dec/2017:09:18:27 +0800] "GET /favicon.ico HTTP/1.1" 404 571 "http://dell-test-andri.vcredit.cn/microserver/microserver267.html" "Mozilla/5.0 (Windows NT 6.1; WOW64) AppleWebKit/537.36 (KHTML, like Gecko) Chrome/63.0.3239.84 Safari/537.36"
10.139.30.85 - - [26/Dec/2017:08:46:30 +0800] "GET /microserver/microserver269.html HTTP/1.1" 200 30763 "-" "Mozilla/5.0 (Windows NT 6.1; WOW64) AppleWebKit/537.36 (KHTML, like Gecko) Chrome/63.0.3239.84 Safari/537.36"
10.139.30.85 - - [26/Dec/2017:08:46:39 +0800] "GET /favicon.ico HTTP/1.1" 404 571 "http://dell-test-andri.vcredit.cn/microserver/microserver269.html" "Mozilla/5.0 (Windows NT 6.1; WOW64) AppleWebKit/537.36 (KHTML, like Gecko) Chrome/63.0.3239.84 Safari/537.36"
10.139.30.96 - - [26/Dec/2017:09:02:14 +0800] "GET /microserver/microserver269.html HTTP/1.1" 200 30763 "-" "Mozilla/5.0 (Windows NT 6.1; WOW64) AppleWebKit/537.36 (KHTML, like Gecko) Chrome/63.0.3239.84 Safari/537.36"
10.139.30.84 - - [26/Dec/2017:09:48:38 +0800] "GET /microserver/microserver269.html HTTP/1.1" 200 30763 "-" "Mozilla/4.0 (compatible; MSIE 8.0; Windows NT 6.1; WOW64; Trident/4.0; SLCC2; .NET CLR 2.0.50727; .NET CLR 3.5.30729; .NET CLR 3.0.30729; Media Center PC 6.0; .NET4.0C; .NET4.0E; InfoPath.3)"
10.139.30.85 - - [27/Dec/2017:09:15:35 +0800] "GET /microserver/microserver270.html HTTP/1.1" 200 30763 "-" "Mozilla/5.0 (Windows NT 6.1; WOW64) AppleWebKit/537.36 (KHTML, like Gecko) Chrome/63.0.3239.84 Safari/537.36"
10.139.30.85 - - [27/Dec/2017:09:15:36 +0800] "GET /favicon.ico HTTP/1.1" 404 571 "http://dell-test-andri.vcredit.cn/microserver/microserver270.html" "Mozilla/5.0 (Windows NT 6.1; WOW64) AppleWebKit/537.36 (KHTML, like Gecko) Chrome/63.0.3239.84 Safari/537.36"
10.139.30.84 - - [27/Dec/2017:09:19:41 +0800] "GET /microserver/microserver270.html HTTP/1.1" 200 30763 "-" "Mozilla/4.0 (compatible; MSIE 8.0; Windows NT 6.1; WOW64; Trident/4.0; SLCC2; .NET CLR 2.0.50727; .NET CLR 3.5.30729; .NET CLR 3.0.30729; Media Center PC 6.0; .NET4.0C; .NET4.0E; InfoPath.3)"
10.139.30.84 - - [27/Dec/2017:09:19:51 +0800] "GET /microserver/microserver270.html HTTP/1.1" 200 30763 "-" "Mozilla/5.0 (Windows NT 6.1; WOW64) AppleWebKit/537.36 (KHTML, like Gecko) Chrome/63.0.3239.84 Safari/537.36"
10.139.30.84 - - [27/Dec/2017:09:19:51 +0800] "GET /favicon.ico HTTP/1.1" 404 571 "http://dell-test-andri.vcredit.cn/microserver/microserver270.html" "Mozilla/5.0 (Windows NT 6.1; WOW64) AppleWebKit/537.36 (KHTML, like Gecko) Chrome/63.0.3239.84 Safari/537.36"
10.139.30.96 - - [27/Dec/2017:18:47:50 +0800] "GET /microserver/microserver270.html HTTP/1.1" 200 30763 "-" "Mozilla/5.0 (Windows NT 6.1; WOW64) AppleWebKit/537.36 (KHTML, like Gecko) Chrome/63.0.3239.84 Safari/537.36"
10.139.30.96 - - [27/Dec/2017:18:47:50 +0800] "GET /favicon.ico HTTP/1.1" 404 571 "http://dell-test-andri.vcredit.cn/microserver/microserver270.html" "Mozilla/5.0 (Windows NT 6.1; WOW64) AppleWebKit/537.36 (KHTML, like Gecko) Chrome/63.0.3239.84 Safari/537.36"
10.139.30.85 - - [28/Dec/2017:09:15:51 +0800] "GET /microserver/microserver271.html HTTP/1.1" 200 30763 "-" "Mozilla/5.0 (Windows NT 6.1; WOW64) AppleWebKit/537.36 (KHTML, like Gecko) Chrome/63.0.3239.84 Safari/537.36"
10.139.30.96 - - [28/Dec/2017:09:23:30 +0800] "GET /microserver/microserver271.html HTTP/1.1" 200 30763 "-" "Mozilla/5.0 (Windows NT 6.1; WOW64) AppleWebKit/537.36 (KHTML, like Gecko) Chrome/63.0.3239.84 Safari/537.36"
10.139.30.96 - - [28/Dec/2017:09:23:37 +0800] "GET /microserver/microserver211.html HTTP/1.1" 200 22408 "-" "Mozilla/5.0 (Windows NT 6.1; WOW64) AppleWebKit/537.36 (KHTML, like Gecko) Chrome/63.0.3239.84 Safari/537.36"
10.139.30.96 - - [28/Dec/2017:09:23:44 +0800] "GET /microserver/microserver261.html HTTP/1.1" 200 37072 "-" "Mozilla/5.0 (Windows NT 6.1; WOW64) AppleWebKit/537.36 (KHTML, like Gecko) Chrome/63.0.3239.84 Safari/537.36"
10.139.30.84 - - [28/Dec/2017:09:39:13 +0800] "GET /microserver/microserver271.html HTTP/1.1" 200 30763 "-" "Mozilla/4.0 (compatible; MSIE 8.0; Windows NT 6.1; WOW64; Trident/4.0; SLCC2; .NET CLR 2.0.50727; .NET CLR 3.5.30729; .NET CLR 3.0.30729; Media Center PC 6.0; .NET4.0C; .NET4.0E; InfoPath.3)"
10.139.30.96 - - [28/Dec/2017:09:59:03 +0800] "GET /microserver/microserver271.html HTTP/1.1" 304 0 "-" "Mozilla/5.0 (Windows NT 6.1; WOW64) AppleWebKit/537.36 (KHTML, like Gecko) Chrome/63.0.3239.84 Safari/537.36"
10.139.30.84 - - [28/Dec/2017:13:50:05 +0800] "GET /microserver/microserver271.html HTTP/1.1" 200 30763 "http://mail.263.net/wm2e/mail/mailOperate/mailOperateAction_mailContent.do?&emailIdentity=005a4411eb09ff30@00b7@04ed8dcbd33e7392&selfFolderId=1" "Mozilla/5.0 (Windows NT 6.1; WOW64) AppleWebKit/537.36 (KHTML, like Gecko) Chrome/63.0.3239.84 Safari/537.36"
10.139.30.96 - - [29/Dec/2017:08:45:43 +0800] "GET /microserver/microserver272.html HTTP/1.1" 200 30763 "-" "Mozilla/5.0 (Windows NT 6.1; WOW64) AppleWebKit/537.36 (KHTML, like Gecko) Chrome/63.0.3239.84 Safari/537.36"
10.139.30.85 - - [29/Dec/2017:09:15:01 +0800] "GET /microserver/microserver272.html HTTP/1.1" 200 30763 "-" "Mozilla/5.0 (Windows NT 6.1; WOW64) AppleWebKit/537.36 (KHTML, like Gecko) Chrome/63.0.3239.84 Safari/537.36"
10.139.30.85 - - [29/Dec/2017:09:15:02 +0800] "GET /favicon.ico HTTP/1.1" 404 571 "http://dell-test-andri.vcredit.cn/microserver/microserver272.html" "Mozilla/5.0 (Windows NT 6.1; WOW64) AppleWebKit/537.36 (KHTML, like Gecko) Chrome/63.0.3239.84 Safari/537.36"
10.139.30.84 - - [29/Dec/2017:09:17:26 +0800] "GET /microserver/microserver272.html HTTP/1.1" 200 30763 "-" "Mozilla/4.0 (compatible; MSIE 8.0; Windows NT 6.1; WOW64; Trident/4.0; SLCC2; .NET CLR 2.0.50727; .NET CLR 3.5.30729; .NET CLR 3.0.30729; Media Center PC 6.0; .NET4.0C; .NET4.0E; InfoPath.3)"
10.139.30.85 - - [02/Jan/2018:08:23:00 +0800] "GET /microserver/microserver276.html HTTP/1.1" 200 44359 "-" "Mozilla/5.0 (Windows NT 6.1; WOW64) AppleWebKit/537.36 (KHTML, like Gecko) Chrome/63.0.3239.84 Safari/537.36"
10.139.30.85 - - [02/Jan/2018:08:23:24 +0800] "GET /favicon.ico HTTP/1.1" 404 571 "http://dell-test-andri.vcredit.cn/microserver/microserver276.html" "Mozilla/5.0 (Windows NT 6.1; WOW64) AppleWebKit/537.36 (KHTML, like Gecko) Chrome/63.0.3239.84 Safari/537.36"
10.139.30.85 - - [02/Jan/2018:08:27:49 +0800] "GET /favicon.ico HTTP/1.1" 404 571 "http://dell-test-andri.vcredit.cn/microserver/microserver276.html" "Mozilla/5.0 (Windows NT 6.1; WOW64) AppleWebKit/537.36 (KHTML, like Gecko) Chrome/63.0.3239.84 Safari/537.36"
10.139.30.96 - - [02/Jan/2018:08:51:06 +0800] "GET /microserver/microserver276.html HTTP/1.1" 200 44359 "-" "Mozilla/5.0 (Windows NT 6.1; WOW64) AppleWebKit/537.36 (KHTML, like Gecko) Chrome/63.0.3239.84 Safari/537.36"
10.139.30.84 - - [02/Jan/2018:09:15:16 +0800] "GET /microserver/microserver276.html HTTP/1.1" 200 44359 "-" "Mozilla/4.0 (compatible; MSIE 8.0; Windows NT 6.1; WOW64; Trident/4.0; SLCC2; .NET CLR 2.0.50727; .NET CLR 3.5.30729; .NET CLR 3.0.30729; Media Center PC 6.0; .NET4.0C; .NET4.0E; InfoPath.3)"
10.139.30.85 - - [02/Jan/2018:17:00:01 +0800] "GET /microserver/microserver276.html HTTP/1.1" 304 0 "-" "Mozilla/5.0 (Windows NT 6.1; WOW64) AppleWebKit/537.36 (KHTML, like Gecko) Chrome/63.0.3239.84 Safari/537.36"
10.139.30.85 - - [02/Jan/2018:17:17:06 +0800] "GET /microserver_dev/microserver136.html HTTP/1.1" 404 571 "-" "Mozilla/5.0 (Windows NT 6.1; WOW64) AppleWebKit/537.36 (KHTML, like Gecko) Chrome/63.0.3239.84 Safari/537.36"
10.139.30.84 - - [02/Jan/2018:17:20:54 +0800] "GET /microserver_dev/microserver136.html HTTP/1.1" 404 571 "-" "Mozilla/4.0 (compatible; MSIE 8.0; Windows NT 6.1; WOW64; Trident/4.0; SLCC2; .NET CLR 2.0.50727; .NET CLR 3.5.30729; .NET CLR 3.0.30729; Media Center PC 6.0; .NET4.0C; .NET4.0E; InfoPath.3)"
10.139.30.84 - - [02/Jan/2018:17:20:54 +0800] "GET /microserver_dev/microserver136.html HTTP/1.1" 404 571 "-" "Mozilla/4.0 (compatible; MSIE 8.0; Windows NT 6.1; WOW64; Trident/4.0; SLCC2; .NET CLR 2.0.50727; .NET CLR 3.5.30729; .NET CLR 3.0.30729; Media Center PC 6.0; .NET4.0C; .NET4.0E; InfoPath.3)"
10.139.30.84 - - [02/Jan/2018:17:21:06 +0800] "GET /microserver_dev/microserver135.html HTTP/1.1" 404 571 "-" "Mozilla/4.0 (compatible; MSIE 8.0; Windows NT 6.1; WOW64; Trident/4.0; SLCC2; .NET CLR 2.0.50727; .NET CLR 3.5.30729; .NET CLR 3.0.30729; Media Center PC 6.0; .NET4.0C; .NET4.0E; InfoPath.3)"
10.139.30.84 - - [02/Jan/2018:17:27:29 +0800] "GET /microserver_dev/microserver137.html HTTP/1.1" 404 571 "-" "Mozilla/4.0 (compatible; MSIE 8.0; Windows NT 6.1; WOW64; Trident/4.0; SLCC2; .NET CLR 2.0.50727; .NET CLR 3.5.30729; .NET CLR 3.0.30729; Media Center PC 6.0; .NET4.0C; .NET4.0E; InfoPath.3)"
10.139.30.85 - - [02/Jan/2018:17:28:38 +0800] "GET /microserver_dev/microserver137.html HTTP/1.1" 404 571 "-" "Mozilla/5.0 (Windows NT 6.1; WOW64) AppleWebKit/537.36 (KHTML, like Gecko) Chrome/63.0.3239.84 Safari/537.36"
10.139.30.84 - - [02/Jan/2018:17:59:47 +0800] "GET /microserver_dev/microserver138.html HTTP/1.1" 200 20029 "-" "Mozilla/4.0 (compatible; MSIE 8.0; Windows NT 6.1; WOW64; Trident/4.0; SLCC2; .NET CLR 2.0.50727; .NET CLR 3.5.30729; .NET CLR 3.0.30729; Media Center PC 6.0; .NET4.0C; .NET4.0E; InfoPath.3)"
10.139.30.84 - - [02/Jan/2018:18:01:22 +0800] "GET /microserver_dev/microserver138.html HTTP/1.1" 200 20029 "-" "Mozilla/5.0 (Windows NT 6.1; WOW64) AppleWebKit/537.36 (KHTML, like Gecko) Chrome/63.0.3239.84 Safari/537.36"
10.139.30.84 - - [02/Jan/2018:18:01:23 +0800] "GET /favicon.ico HTTP/1.1" 404 571 "http://dell-test-andri.vcredit.cn/microserver_dev/microserver138.html" "Mozilla/5.0 (Windows NT 6.1; WOW64) AppleWebKit/537.36 (KHTML, like Gecko) Chrome/63.0.3239.84 Safari/537.36"
10.139.30.85 - - [03/Jan/2018:09:25:56 +0800] "GET /microserver_dev/microserver139.html HTTP/1.1" 200 20029 "-" "Mozilla/5.0 (Windows NT 6.1; WOW64) AppleWebKit/537.36 (KHTML, like Gecko) Chrome/63.0.3239.84 Safari/537.36"
10.139.30.85 - - [03/Jan/2018:09:26:06 +0800] "GET /favicon.ico HTTP/1.1" 404 571 "http://dell-test-andri.vcredit.cn/microserver_dev/microserver139.html" "Mozilla/5.0 (Windows NT 6.1; WOW64) AppleWebKit/537.36 (KHTML, like Gecko) Chrome/63.0.3239.84 Safari/537.36"
10.139.30.85 - - [03/Jan/2018:09:27:31 +0800] "GET /microserver/microserver277.html HTTP/1.1" 200 30763 "-" "Mozilla/5.0 (Windows NT 6.1; WOW64) AppleWebKit/537.36 (KHTML, like Gecko) Chrome/63.0.3239.84 Safari/537.36"
10.139.30.85 - - [03/Jan/2018:09:27:53 +0800] "GET /favicon.ico HTTP/1.1" 404 571 "http://dell-test-andri.vcredit.cn/microserver/microserver277.html" "Mozilla/5.0 (Windows NT 6.1; WOW64) AppleWebKit/537.36 (KHTML, like Gecko) Chrome/63.0.3239.84 Safari/537.36"
10.139.30.85 - - [03/Jan/2018:09:55:52 +0800] "GET /microserver_dev/microserver139.html HTTP/1.1" 200 20029 "-" "Mozilla/4.0 (compatible; MSIE 8.0; Windows NT 6.1; WOW64; Trident/4.0; SLCC2; .NET CLR 2.0.50727; .NET CLR 3.5.30729; .NET CLR 3.0.30729; Media Center PC 6.0; InfoPath.3; .NET4.0C; .NET4.0E)"
10.139.30.85 - - [03/Jan/2018:09:55:53 +0800] "GET /favicon.ico HTTP/1.1" 404 571 "-" "Mozilla/4.0 (compatible; MSIE 8.0; Windows NT 6.1; WOW64; Trident/4.0; SLCC2; .NET CLR 2.0.50727; .NET CLR 3.5.30729; .NET CLR 3.0.30729; Media Center PC 6.0; InfoPath.3; .NET4.0C; .NET4.0E)"
10.139.30.97 - - [03/Jan/2018:10:42:19 +0800] "GET /microserver/microserver263.html HTTP/1.1" 200 39741 "-" "Mozilla/5.0 (Windows NT 6.1; Win64; x64; rv:57.0) Gecko/20100101 Firefox/57.0"
10.139.30.97 - - [03/Jan/2018:10:42:19 +0800] "GET /favicon.ico HTTP/1.1" 404 169 "-" "Mozilla/5.0 (Windows NT 6.1; Win64; x64; rv:57.0) Gecko/20100101 Firefox/57.0"
10.139.30.84 - - [03/Jan/2018:10:45:14 +0800] "GET /microserver/microserver277.html HTTP/1.1" 200 30763 "-" "Mozilla/4.0 (compatible; MSIE 8.0; Windows NT 6.1; WOW64; Trident/4.0; SLCC2; .NET CLR 2.0.50727; .NET CLR 3.5.30729; .NET CLR 3.0.30729; Media Center PC 6.0; .NET4.0C; .NET4.0E; InfoPath.3)"
10.139.30.85 - - [03/Jan/2018:16:51:19 +0800] "GET /microserver_dev/microserver140.html HTTP/1.1" 404 571 "-" "Mozilla/5.0 (Windows NT 6.1; WOW64) AppleWebKit/537.36 (KHTML, like Gecko) Chrome/63.0.3239.84 Safari/537.36"
10.139.30.84 - - [03/Jan/2018:16:51:40 +0800] "GET /microserver_dev/microserver140.html HTTP/1.1" 404 571 "-" "Mozilla/4.0 (compatible; MSIE 8.0; Windows NT 6.1; WOW64; Trident/4.0; SLCC2; .NET CLR 2.0.50727; .NET CLR 3.5.30729; .NET CLR 3.0.30729; Media Center PC 6.0; .NET4.0C; .NET4.0E; InfoPath.3)"
10.139.30.84 - - [03/Jan/2018:16:53:17 +0800] "GET /microserver_dev/microserver140.html HTTP/1.1" 404 571 "-" "Mozilla/4.0 (compatible; MSIE 8.0; Windows NT 6.1; WOW64; Trident/4.0; SLCC2; .NET CLR 2.0.50727; .NET CLR 3.5.30729; .NET CLR 3.0.30729; Media Center PC 6.0; .NET4.0C; .NET4.0E; InfoPath.3)"
10.139.30.84 - - [03/Jan/2018:16:55:44 +0800] "GET /microserver_dev/microserver140.html HTTP/1.1" 404 169 "-" "Mozilla/5.0 (Windows NT 6.1; WOW64; rv:56.0) Gecko/20100101 Firefox/56.0"
10.139.30.84 - - [03/Jan/2018:16:55:44 +0800] "GET /favicon.ico HTTP/1.1" 404 169 "-" "Mozilla/5.0 (Windows NT 6.1; WOW64; rv:56.0) Gecko/20100101 Firefox/56.0"
10.139.30.84 - - [03/Jan/2018:16:55:44 +0800] "GET /favicon.ico HTTP/1.1" 404 169 "-" "Mozilla/5.0 (Windows NT 6.1; WOW64; rv:56.0) Gecko/20100101 Firefox/56.0"
10.139.30.84 - - [03/Jan/2018:16:57:29 +0800] "GET /microserver/microserver277.html HTTP/1.1" 304 0 "-" "Mozilla/4.0 (compatible; MSIE 8.0; Windows NT 6.1; WOW64; Trident/4.0; SLCC2; .NET CLR 2.0.50727; .NET CLR 3.5.30729; .NET CLR 3.0.30729; Media Center PC 6.0; .NET4.0C; .NET4.0E; InfoPath.3)"
10.139.30.84 - - [03/Jan/2018:16:58:13 +0800] "GET /microserver_dev/microserver138.html HTTP/1.1" 304 0 "-" "Mozilla/4.0 (compatible; MSIE 8.0; Windows NT 6.1; WOW64; Trident/4.0; SLCC2; .NET CLR 2.0.50727; .NET CLR 3.5.30729; .NET CLR 3.0.30729; Media Center PC 6.0; .NET4.0C; .NET4.0E; InfoPath.3)"
10.139.30.85 - - [03/Jan/2018:17:32:33 +0800] "GET /microserver_dev/microserver141.html HTTP/1.1" 200 42330 "-" "Mozilla/5.0 (Windows NT 6.1; WOW64) AppleWebKit/537.36 (KHTML, like Gecko) Chrome/63.0.3239.84 Safari/537.36"
10.139.30.84 - - [03/Jan/2018:17:33:40 +0800] "GET /microserver_dev/microserver141.html HTTP/1.1" 200 42330 "-" "Mozilla/4.0 (compatible; MSIE 8.0; Windows NT 6.1; WOW64; Trident/4.0; SLCC2; .NET CLR 2.0.50727; .NET CLR 3.5.30729; .NET CLR 3.0.30729; Media Center PC 6.0; .NET4.0C; .NET4.0E; InfoPath.3)"
10.139.30.85 - - [04/Jan/2018:08:53:52 +0800] "GET /microserver/microserver278.html HTTP/1.1" 200 42324 "-" "Mozilla/5.0 (Windows NT 6.1; WOW64) AppleWebKit/537.36 (KHTML, like Gecko) Chrome/63.0.3239.84 Safari/537.36"
10.139.30.85 - - [04/Jan/2018:08:54:19 +0800] "GET /favicon.ico HTTP/1.1" 404 571 "http://dell-test-andri.vcredit.cn/microserver/microserver278.html" "Mozilla/5.0 (Windows NT 6.1; WOW64) AppleWebKit/537.36 (KHTML, like Gecko) Chrome/63.0.3239.84 Safari/537.36"
10.139.30.96 - - [04/Jan/2018:09:04:21 +0800] "GET /microserver/microserver278.html HTTP/1.1" 200 42324 "-" "Mozilla/5.0 (Windows NT 6.1; WOW64) AppleWebKit/537.36 (KHTML, like Gecko) Chrome/63.0.3239.84 Safari/537.36"
10.139.30.96 - - [04/Jan/2018:09:04:22 +0800] "GET /favicon.ico HTTP/1.1" 404 571 "http://dell-test-andri.vcredit.cn/microserver/microserver278.html" "Mozilla/5.0 (Windows NT 6.1; WOW64) AppleWebKit/537.36 (KHTML, like Gecko) Chrome/63.0.3239.84 Safari/537.36"
10.139.30.84 - - [04/Jan/2018:09:06:01 +0800] "GET /microserver/microserver278.html HTTP/1.1" 200 42324 "-" "Mozilla/4.0 (compatible; MSIE 8.0; Windows NT 6.1; WOW64; Trident/4.0; SLCC2; .NET CLR 2.0.50727; .NET CLR 3.5.30729; .NET CLR 3.0.30729; Media Center PC 6.0; .NET4.0C; .NET4.0E; InfoPath.3)"
10.139.30.84 - - [04/Jan/2018:09:09:36 +0800] "GET /microserver/microserver278.html HTTP/1.1" 304 0 "-" "Mozilla/4.0 (compatible; MSIE 8.0; Windows NT 6.1; WOW64; Trident/4.0; SLCC2; .NET CLR 2.0.50727; .NET CLR 3.5.30729; .NET CLR 3.0.30729; Media Center PC 6.0; .NET4.0C; .NET4.0E; InfoPath.3)"
10.139.30.85 - - [05/Jan/2018:08:44:33 +0800] "GET /microserver/microserver279.html HTTP/1.1" 200 50675 "-" "Mozilla/5.0 (Windows NT 6.1; WOW64) AppleWebKit/537.36 (KHTML, like Gecko) Chrome/63.0.3239.84 Safari/537.36"
10.139.30.85 - - [05/Jan/2018:08:45:21 +0800] "GET /favicon.ico HTTP/1.1" 404 571 "http://dell-test-andri.vcredit.cn/microserver/microserver279.html" "Mozilla/5.0 (Windows NT 6.1; WOW64) AppleWebKit/537.36 (KHTML, like Gecko) Chrome/63.0.3239.84 Safari/537.36"
10.139.30.96 - - [05/Jan/2018:09:11:52 +0800] "GET /microserver/microserver279.html HTTP/1.1" 200 50675 "-" "Mozilla/5.0 (Windows NT 6.1; WOW64) AppleWebKit/537.36 (KHTML, like Gecko) Chrome/63.0.3239.84 Safari/537.36"
10.139.30.84 - - [05/Jan/2018:09:13:03 +0800] "GET /microserver/microserver279.html HTTP/1.1" 200 50675 "-" "Mozilla/5.0 (Windows NT 6.1; WOW64; rv:57.0) Gecko/20100101 Firefox/57.0"
10.139.30.84 - - [05/Jan/2018:09:13:03 +0800] "GET /favicon.ico HTTP/1.1" 404 169 "-" "Mozilla/5.0 (Windows NT 6.1; WOW64; rv:57.0) Gecko/20100101 Firefox/57.0"
10.139.30.84 - - [05/Jan/2018:11:14:18 +0800] "GET /microserver_dev/microserver144.html HTTP/1.1" 200 42330 "-" "Mozilla/5.0 (Windows NT 6.1; WOW64; rv:57.0) Gecko/20100101 Firefox/57.0"
10.139.30.85 - - [05/Jan/2018:11:16:16 +0800] "GET /microserver_dev/microserver144.html HTTP/1.1" 200 42330 "-" "Mozilla/5.0 (Windows NT 6.1; WOW64) AppleWebKit/537.36 (KHTML, like Gecko) Chrome/63.0.3239.84 Safari/537.36"
10.139.30.84 - - [05/Jan/2018:11:16:50 +0800] "GET /microserver_dev/microserver144.html HTTP/1.1" 304 0 "-" "Mozilla/5.0 (Windows NT 6.1; WOW64; rv:57.0) Gecko/20100101 Firefox/57.0"
10.139.30.96 - - [05/Jan/2018:14:29:26 +0800] "GET /microserver/microserver273.html HTTP/1.1" 200 44359 "-" "Mozilla/5.0 (Windows NT 6.1; WOW64) AppleWebKit/537.36 (KHTML, like Gecko) Chrome/63.0.3239.84 Safari/537.36"
10.139.30.96 - - [05/Jan/2018:14:31:39 +0800] "GET /microserver/microserver279.html HTTP/1.1" 304 0 "-" "Mozilla/5.0 (Windows NT 6.1; WOW64) AppleWebKit/537.36 (KHTML, like Gecko) Chrome/63.0.3239.84 Safari/537.36"
10.139.30.85 - - [08/Jan/2018:08:34:48 +0800] "GET /microserver/microserver282.html HTTP/1.1" 200 42906 "-" "Mozilla/5.0 (Windows NT 6.1; WOW64) AppleWebKit/537.36 (KHTML, like Gecko) Chrome/63.0.3239.84 Safari/537.36"
10.139.30.85 - - [08/Jan/2018:08:35:16 +0800] "GET /favicon.ico HTTP/1.1" 404 571 "http://dell-test-andri.vcredit.cn/microserver/microserver282.html" "Mozilla/5.0 (Windows NT 6.1; WOW64) AppleWebKit/537.36 (KHTML, like Gecko) Chrome/63.0.3239.84 Safari/537.36"
10.139.30.96 - - [08/Jan/2018:08:56:18 +0800] "GET /microserver/microserver282.html HTTP/1.1" 200 42906 "-" "Mozilla/5.0 (Windows NT 6.1; WOW64) AppleWebKit/537.36 (KHTML, like Gecko) Chrome/63.0.3239.84 Safari/537.36"
10.139.30.84 - - [08/Jan/2018:09:20:02 +0800] "GET /microserver/microserver282.html HTTP/1.1" 200 42906 "-" "Mozilla/5.0 (Windows NT 6.1; WOW64; rv:57.0) Gecko/20100101 Firefox/57.0"
10.139.30.84 - - [08/Jan/2018:09:20:04 +0800] "GET /favicon.ico HTTP/1.1" 404 169 "-" "Mozilla/5.0 (Windows NT 6.1; WOW64; rv:57.0) Gecko/20100101 Firefox/57.0"
10.139.30.84 - - [08/Jan/2018:09:23:32 +0800] "GET /microserver/microserver282.html HTTP/1.1" 200 42906 "-" "Mozilla/5.0 (Windows NT 6.1; WOW64) AppleWebKit/537.36 (KHTML, like Gecko) Chrome/63.0.3239.84 Safari/537.36"
10.139.30.84 - - [08/Jan/2018:09:23:32 +0800] "GET /favicon.ico HTTP/1.1" 404 571 "http://dell-test-andri.vcredit.cn/microserver/microserver282.html" "Mozilla/5.0 (Windows NT 6.1; WOW64) AppleWebKit/537.36 (KHTML, like Gecko) Chrome/63.0.3239.84 Safari/537.36"
10.139.30.96 - - [08/Jan/2018:16:23:04 +0800] "GET /microserver/microserver281.html HTTP/1.1" 200 42324 "-" "Mozilla/5.0 (Windows NT 6.1; WOW64) AppleWebKit/537.36 (KHTML, like Gecko) Chrome/63.0.3239.84 Safari/537.36"
10.139.30.85 - - [09/Jan/2018:08:43:07 +0800] "GET /microserver/microserver283.html HTTP/1.1" 200 42921 "-" "Mozilla/5.0 (Windows NT 6.1; WOW64) AppleWebKit/537.36 (KHTML, like Gecko) Chrome/63.0.3239.84 Safari/537.36"
10.139.30.85 - - [09/Jan/2018:08:43:47 +0800] "GET /favicon.ico HTTP/1.1" 404 571 "http://dell-test-andri.vcredit.cn/microserver/microserver283.html" "Mozilla/5.0 (Windows NT 6.1; WOW64) AppleWebKit/537.36 (KHTML, like Gecko) Chrome/63.0.3239.84 Safari/537.36"
10.139.30.96 - - [09/Jan/2018:09:09:41 +0800] "GET /microserver/microserver283.html HTTP/1.1" 200 42921 "-" "Mozilla/5.0 (Windows NT 6.1; WOW64) AppleWebKit/537.36 (KHTML, like Gecko) Chrome/63.0.3239.84 Safari/537.36"
10.139.30.85 - - [09/Jan/2018:13:48:38 +0800] "GET /microserver_dev/microserver148.html HTTP/1.1" 200 42330 "-" "Mozilla/5.0 (Windows NT 6.1; WOW64) AppleWebKit/537.36 (KHTML, like Gecko) Chrome/63.0.3239.84 Safari/537.36"
10.139.30.85 - - [09/Jan/2018:13:48:39 +0800] "GET /favicon.ico HTTP/1.1" 404 571 "http://dell-test-andri.vcredit.cn/microserver_dev/microserver148.html" "Mozilla/5.0 (Windows NT 6.1; WOW64) AppleWebKit/537.36 (KHTML, like Gecko) Chrome/63.0.3239.84 Safari/537.36"
10.139.30.85 - - [09/Jan/2018:13:48:59 +0800] "GET /microserver/microserver283.html HTTP/1.1" 304 0 "-" "Mozilla/5.0 (Windows NT 6.1; WOW64) AppleWebKit/537.36 (KHTML, like Gecko) Chrome/63.0.3239.84 Safari/537.36"
10.139.30.84 - - [09/Jan/2018:14:24:06 +0800] "GET /microserver_dev/microserver149.html HTTP/1.1" 200 42330 "-" "Mozilla/5.0 (Windows NT 6.1; WOW64; rv:57.0) Gecko/20100101 Firefox/57.0"
10.139.30.84 - - [09/Jan/2018:14:24:06 +0800] "GET /favicon.ico HTTP/1.1" 404 169 "-" "Mozilla/5.0 (Windows NT 6.1; WOW64; rv:57.0) Gecko/20100101 Firefox/57.0"
10.139.30.85 - - [09/Jan/2018:14:29:38 +0800] "GET /microserver_dev/microserver149.html HTTP/1.1" 200 42330 "-" "Mozilla/5.0 (Windows NT 6.1; WOW64) AppleWebKit/537.36 (KHTML, like Gecko) Chrome/63.0.3239.84 Safari/537.36"
10.139.30.85 - - [10/Jan/2018:08:50:18 +0800] "GET /microserver/microserver284.html HTTP/1.1" 200 42906 "-" "Mozilla/5.0 (Windows NT 6.1; WOW64) AppleWebKit/537.36 (KHTML, like Gecko) Chrome/63.0.3239.84 Safari/537.36"
10.139.30.85 - - [10/Jan/2018:08:50:53 +0800] "GET /favicon.ico HTTP/1.1" 404 571 "http://dell-test-andri.vcredit.cn/microserver/microserver284.html" "Mozilla/5.0 (Windows NT 6.1; WOW64) AppleWebKit/537.36 (KHTML, like Gecko) Chrome/63.0.3239.84 Safari/537.36"
10.139.30.96 - - [10/Jan/2018:09:07:47 +0800] "GET /microserver/microserver284.html HTTP/1.1" 200 42906 "-" "Mozilla/5.0 (Windows NT 6.1; WOW64) AppleWebKit/537.36 (KHTML, like Gecko) Chrome/63.0.3239.84 Safari/537.36"
10.139.30.84 - - [10/Jan/2018:09:20:45 +0800] "GET /microserver/microserver284.html HTTP/1.1" 200 42906 "-" "Mozilla/5.0 (Windows NT 6.1; WOW64; rv:57.0) Gecko/20100101 Firefox/57.0"
10.139.30.85 - - [11/Jan/2018:08:55:39 +0800] "GET /microserver/microserver285.html HTTP/1.1" 200 42324 "-" "Mozilla/5.0 (Windows NT 6.1; WOW64) AppleWebKit/537.36 (KHTML, like Gecko) Chrome/63.0.3239.84 Safari/537.36"
10.139.30.85 - - [11/Jan/2018:08:56:17 +0800] "GET /favicon.ico HTTP/1.1" 404 571 "http://dell-test-andri.vcredit.cn/microserver/microserver285.html" "Mozilla/5.0 (Windows NT 6.1; WOW64) AppleWebKit/537.36 (KHTML, like Gecko) Chrome/63.0.3239.84 Safari/537.36"
10.139.30.84 - - [11/Jan/2018:09:27:43 +0800] "GET /microserver/microserver285.html HTTP/1.1" 200 42324 "-" "Mozilla/5.0 (Windows NT 6.1; WOW64; rv:57.0) Gecko/20100101 Firefox/57.0"
10.139.30.84 - - [11/Jan/2018:09:28:08 +0800] "GET /microserver/microserver285.html HTTP/1.1" 200 42324 "-" "Mozilla/5.0 (Windows NT 6.1; WOW64) AppleWebKit/537.36 (KHTML, like Gecko) Chrome/63.0.3239.84 Safari/537.36"
10.139.30.84 - - [11/Jan/2018:09:28:08 +0800] "GET /favicon.ico HTTP/1.1" 404 571 "http://dell-test-andri.vcredit.cn/microserver/microserver285.html" "Mozilla/5.0 (Windows NT 6.1; WOW64) AppleWebKit/537.36 (KHTML, like Gecko) Chrome/63.0.3239.84 Safari/537.36"
10.139.30.85 - - [11/Jan/2018:13:08:50 +0800] "GET /microserver_dev/microserver152.html HTTP/1.1" 200 40322 "-" "Mozilla/5.0 (Windows NT 6.1; WOW64) AppleWebKit/537.36 (KHTML, like Gecko) Chrome/63.0.3239.84 Safari/537.36"
10.139.30.85 - - [11/Jan/2018:13:08:51 +0800] "GET /favicon.ico HTTP/1.1" 404 571 "http://dell-test-andri.vcredit.cn/microserver_dev/microserver152.html" "Mozilla/5.0 (Windows NT 6.1; WOW64) AppleWebKit/537.36 (KHTML, like Gecko) Chrome/63.0.3239.84 Safari/537.36"
10.139.30.84 - - [11/Jan/2018:13:16:03 +0800] "GET /microserver_dev/microserver152.html HTTP/1.1" 200 40322 "-" "Mozilla/5.0 (Windows NT 6.1; WOW64; rv:57.0) Gecko/20100101 Firefox/57.0"
