127.0.0.1 - - [30/Nov/2017:14:17:38 +0800] "GET / HTTP/1.1" 200 612 "-" "Mozilla/5.0 (Windows NT 6.1; WOW64; rv:56.0) Gecko/20100101 Firefox/56.0"
127.0.0.1 - - [30/Nov/2017:14:17:38 +0800] "GET /favicon.ico HTTP/1.1" 404 169 "-" "Mozilla/5.0 (Windows NT 6.1; WOW64; rv:56.0) Gecko/20100101 Firefox/56.0"
127.0.0.1 - - [30/Nov/2017:14:19:37 +0800] "GET /report/ HTTP/1.1" 403 169 "-" "Mozilla/5.0 (Windows NT 6.1; WOW64; rv:56.0) Gecko/20100101 Firefox/56.0"
127.0.0.1 - - [30/Nov/2017:14:20:08 +0800] "GET /report/microserver25.html HTTP/1.1" 200 9329 "-" "Mozilla/5.0 (Windows NT 6.1; WOW64; rv:56.0) Gecko/20100101 Firefox/56.0"
10.139.30.76 - - [30/Nov/2017:14:22:24 +0800] "GET /report/microserver25.html HTTP/1.1" 200 9329 "-" "Mozilla/5.0 (Windows NT 6.1; WOW64; rv:56.0) Gecko/20100101 Firefox/56.0"
10.139.30.76 - - [30/Nov/2017:14:22:25 +0800] "GET /favicon.ico HTTP/1.1" 404 169 "-" "Mozilla/5.0 (Windows NT 6.1; WOW64; rv:56.0) Gecko/20100101 Firefox/56.0"
10.139.30.76 - - [30/Nov/2017:14:24:19 +0800] "GET /report/microserver25.html HTTP/1.1" 200 9329 "-" "Mozilla/5.0 (Windows NT 6.1; WOW64; rv:56.0) Gecko/20100101 Firefox/56.0"
10.139.30.76 - - [30/Nov/2017:14:24:19 +0800] "GET /favicon.ico HTTP/1.1" 404 169 "-" "Mozilla/5.0 (Windows NT 6.1; WOW64; rv:56.0) Gecko/20100101 Firefox/56.0"
10.139.30.76 - - [30/Nov/2017:14:32:54 +0800] "GET /report/microserver25.html HTTP/1.1" 304 0 "-" "Mozilla/5.0 (Windows NT 6.1; WOW64; rv:56.0) Gecko/20100101 Firefox/56.0"
10.139.30.76 - - [30/Nov/2017:14:32:54 +0800] "GET /report/microserver25.html HTTP/1.1" 304 0 "-" "Mozilla/5.0 (Windows NT 6.1; WOW64; rv:56.0) Gecko/20100101 Firefox/56.0"
10.139.30.76 - - [30/Nov/2017:14:33:05 +0800] "GET /report/microserver25.html HTTP/1.1" 304 0 "-" "Mozilla/5.0 (Windows NT 6.1; WOW64; rv:56.0) Gecko/20100101 Firefox/56.0"
10.139.30.85 - - [30/Nov/2017:14:35:24 +0800] "GET /report/microsever25.html HTTP/1.1" 404 571 "-" "Mozilla/5.0 (Windows NT 6.1; WOW64) AppleWebKit/537.36 (KHTML, like Gecko) Chrome/62.0.3202.94 Safari/537.36"
10.139.30.85 - - [30/Nov/2017:14:35:24 +0800] "GET /favicon.ico HTTP/1.1" 404 571 "http://10.139.30.76/report/microsever25.html" "Mozilla/5.0 (Windows NT 6.1; WOW64) AppleWebKit/537.36 (KHTML, like Gecko) Chrome/62.0.3202.94 Safari/537.36"
10.139.30.85 - - [30/Nov/2017:14:35:48 +0800] "GET /report/microserver25.html HTTP/1.1" 200 9329 "-" "Mozilla/5.0 (Windows NT 6.1; WOW64) AppleWebKit/537.36 (KHTML, like Gecko) Chrome/62.0.3202.94 Safari/537.36"
10.139.30.76 - - [30/Nov/2017:14:38:55 +0800] "GET /microserverreport/microserver25.html HTTP/1.1" 200 9329 "-" "Mozilla/5.0 (Windows NT 6.1; WOW64; rv:56.0) Gecko/20100101 Firefox/56.0"
10.139.30.76 - - [30/Nov/2017:14:39:46 +0800] "GET /microserver/microserver25.html HTTP/1.1" 200 9329 "-" "Mozilla/5.0 (Windows NT 6.1; WOW64; rv:56.0) Gecko/20100101 Firefox/56.0"
10.139.30.76 - - [30/Nov/2017:14:57:21 +0800] "GET /microserver/microserver41.html HTTP/1.1" 200 17539 "-" "Mozilla/5.0 (Windows NT 6.1; WOW64; rv:56.0) Gecko/20100101 Firefox/56.0"
10.139.30.84 - - [30/Nov/2017:14:59:23 +0800] "GET /microserver/microserver42.html HTTP/1.1" 200 17539 "-" "Mozilla/4.0 (compatible; MSIE 8.0; Windows NT 6.1; WOW64; Trident/4.0; SLCC2; .NET CLR 2.0.50727; .NET CLR 3.5.30729; .NET CLR 3.0.30729; Media Center PC 6.0; .NET4.0C; .NET4.0E; InfoPath.3)"
10.139.30.84 - - [30/Nov/2017:14:59:24 +0800] "GET /favicon.ico HTTP/1.1" 404 571 "-" "Mozilla/4.0 (compatible; MSIE 8.0; Windows NT 6.1; WOW64; Trident/4.0; SLCC2; .NET CLR 2.0.50727; .NET CLR 3.5.30729; .NET CLR 3.0.30729; Media Center PC 6.0; .NET4.0C; .NET4.0E; InfoPath.3)"
10.139.30.85 - - [30/Nov/2017:14:59:51 +0800] "GET /microserver/microserver42.html HTTP/1.1" 200 17539 "-" "Mozilla/5.0 (Windows NT 6.1; WOW64) AppleWebKit/537.36 (KHTML, like Gecko) Chrome/62.0.3202.94 Safari/537.36"
10.139.30.84 - - [30/Nov/2017:15:02:23 +0800] "GET /microserver/microserver42.html HTTP/1.1" 304 0 "-" "Mozilla/4.0 (compatible; MSIE 8.0; Windows NT 6.1; WOW64; Trident/4.0; SLCC2; .NET CLR 2.0.50727; .NET CLR 3.5.30729; .NET CLR 3.0.30729; Media Center PC 6.0; .NET4.0C; .NET4.0E; InfoPath.3)"
10.139.30.84 - - [30/Nov/2017:15:02:23 +0800] "GET /favicon.ico HTTP/1.1" 404 571 "-" "Mozilla/4.0 (compatible; MSIE 8.0; Windows NT 6.1; WOW64; Trident/4.0; SLCC2; .NET CLR 2.0.50727; .NET CLR 3.5.30729; .NET CLR 3.0.30729; Media Center PC 6.0; .NET4.0C; .NET4.0E; InfoPath.3)"
10.139.30.84 - - [30/Nov/2017:15:02:29 +0800] "GET /microserver/microserver41.html HTTP/1.1" 200 17539 "-" "Mozilla/4.0 (compatible; MSIE 8.0; Windows NT 6.1; WOW64; Trident/4.0; SLCC2; .NET CLR 2.0.50727; .NET CLR 3.5.30729; .NET CLR 3.0.30729; Media Center PC 6.0; .NET4.0C; .NET4.0E; InfoPath.3)"
10.139.30.84 - - [30/Nov/2017:15:02:34 +0800] "GET /microserver/microserver40.html HTTP/1.1" 200 17539 "-" "Mozilla/4.0 (compatible; MSIE 8.0; Windows NT 6.1; WOW64; Trident/4.0; SLCC2; .NET CLR 2.0.50727; .NET CLR 3.5.30729; .NET CLR 3.0.30729; Media Center PC 6.0; .NET4.0C; .NET4.0E; InfoPath.3)"
10.139.30.84 - - [30/Nov/2017:15:11:26 +0800] "GET /microserver/microserver43.html HTTP/1.1" 200 17539 "-" "Mozilla/4.0 (compatible; MSIE 8.0; Windows NT 6.1; WOW64; Trident/4.0; SLCC2; .NET CLR 2.0.50727; .NET CLR 3.5.30729; .NET CLR 3.0.30729; Media Center PC 6.0; .NET4.0C; .NET4.0E; InfoPath.3)"
10.139.30.84 - - [30/Nov/2017:15:12:45 +0800] "GET /microserver/microserver44.html HTTP/1.1" 200 17539 "-" "Mozilla/4.0 (compatible; MSIE 8.0; Windows NT 6.1; WOW64; Trident/4.0; SLCC2; .NET CLR 2.0.50727; .NET CLR 3.5.30729; .NET CLR 3.0.30729; Media Center PC 6.0; .NET4.0C; .NET4.0E; InfoPath.3)"
10.139.30.84 - - [30/Nov/2017:15:12:51 +0800] "GET /microserver/microserver44.html HTTP/1.1" 304 0 "-" "Mozilla/4.0 (compatible; MSIE 8.0; Windows NT 6.1; WOW64; Trident/4.0; SLCC2; .NET CLR 2.0.50727; .NET CLR 3.5.30729; .NET CLR 3.0.30729; Media Center PC 6.0; .NET4.0C; .NET4.0E; InfoPath.3)"
10.139.30.84 - - [30/Nov/2017:15:13:10 +0800] "GET /microserver/microserver44.html HTTP/1.1" 200 17539 "-" "Mozilla/5.0 (Windows NT 6.1; WOW64) AppleWebKit/537.36 (KHTML, like Gecko) Chrome/62.0.3202.94 Safari/537.36"
10.139.30.84 - - [30/Nov/2017:15:13:11 +0800] "GET /favicon.ico HTTP/1.1" 404 571 "http://10.139.30.76/microserver/microserver44.html" "Mozilla/5.0 (Windows NT 6.1; WOW64) AppleWebKit/537.36 (KHTML, like Gecko) Chrome/62.0.3202.94 Safari/537.36"
10.139.30.84 - - [30/Nov/2017:15:21:31 +0800] "GET /microserver/ HTTP/1.1" 403 571 "-" "Mozilla/5.0 (Windows NT 6.1; WOW64) AppleWebKit/537.36 (KHTML, like Gecko) Chrome/62.0.3202.94 Safari/537.36"
10.139.30.84 - - [30/Nov/2017:15:21:59 +0800] "GET /microserver/microserver44.html HTTP/1.1" 304 0 "-" "Mozilla/4.0 (compatible; MSIE 8.0; Windows NT 6.1; WOW64; Trident/4.0; SLCC2; .NET CLR 2.0.50727; .NET CLR 3.5.30729; .NET CLR 3.0.30729; Media Center PC 6.0; .NET4.0C; .NET4.0E; InfoPath.3)"
10.139.30.84 - - [30/Nov/2017:15:22:04 +0800] "GET /microserver/microserver43.html HTTP/1.1" 304 0 "-" "Mozilla/4.0 (compatible; MSIE 8.0; Windows NT 6.1; WOW64; Trident/4.0; SLCC2; .NET CLR 2.0.50727; .NET CLR 3.5.30729; .NET CLR 3.0.30729; Media Center PC 6.0; .NET4.0C; .NET4.0E; InfoPath.3)"
10.139.30.84 - - [30/Nov/2017:15:22:08 +0800] "GET /microserver/microserver42.html HTTP/1.1" 304 0 "-" "Mozilla/4.0 (compatible; MSIE 8.0; Windows NT 6.1; WOW64; Trident/4.0; SLCC2; .NET CLR 2.0.50727; .NET CLR 3.5.30729; .NET CLR 3.0.30729; Media Center PC 6.0; .NET4.0C; .NET4.0E; InfoPath.3)"
10.139.30.84 - - [30/Nov/2017:15:28:25 +0800] "GET /microserver/microserver44.html HTTP/1.1" 304 0 "-" "Mozilla/4.0 (compatible; MSIE 8.0; Windows NT 6.1; WOW64; Trident/4.0; SLCC2; .NET CLR 2.0.50727; .NET CLR 3.5.30729; .NET CLR 3.0.30729; Media Center PC 6.0; .NET4.0C; .NET4.0E; InfoPath.3)"
10.139.30.84 - - [30/Nov/2017:15:28:50 +0800] "GET /microserver/microserver44.html HTTP/1.1" 304 0 "-" "Mozilla/4.0 (compatible; MSIE 8.0; Windows NT 6.1; WOW64; Trident/4.0; SLCC2; .NET CLR 2.0.50727; .NET CLR 3.5.30729; .NET CLR 3.0.30729; Media Center PC 6.0; .NET4.0C; .NET4.0E; InfoPath.3)"
10.139.30.76 - - [30/Nov/2017:15:29:09 +0800] "GET /microserver/microserver41.html HTTP/1.1" 304 0 "-" "Mozilla/5.0 (Windows NT 6.1; WOW64; rv:56.0) Gecko/20100101 Firefox/56.0"
10.139.30.76 - - [30/Nov/2017:15:32:51 +0800] "GET /microserver/microserver41.html HTTP/1.1" 200 17539 "-" "Mozilla/5.0 (Windows NT 6.1; WOW64; rv:56.0) Gecko/20100101 Firefox/56.0"
10.139.30.76 - - [30/Nov/2017:15:42:46 +0800] "GET /microserver/microserver41.html HTTP/1.1" 304 0 "-" "Mozilla/5.0 (Windows NT 6.1; WOW64; rv:56.0) Gecko/20100101 Firefox/56.0"
10.139.30.76 - - [30/Nov/2017:15:44:24 +0800] "GET /microserver/microserver40.html HTTP/1.1" 200 17539 "-" "Mozilla/5.0 (Windows NT 6.1; WOW64; rv:56.0) Gecko/20100101 Firefox/56.0"
10.139.30.76 - - [30/Nov/2017:15:44:33 +0800] "GET /microserver/microserver39.html HTTP/1.1" 200 17539 "-" "Mozilla/5.0 (Windows NT 6.1; WOW64; rv:56.0) Gecko/20100101 Firefox/56.0"
10.139.30.84 - - [30/Nov/2017:15:48:55 +0800] "GET /microserver/microserver44.html HTTP/1.1" 304 0 "-" "Mozilla/4.0 (compatible; MSIE 8.0; Windows NT 6.1; WOW64; Trident/4.0; SLCC2; .NET CLR 2.0.50727; .NET CLR 3.5.30729; .NET CLR 3.0.30729; Media Center PC 6.0; .NET4.0C; .NET4.0E; InfoPath.3)"
10.139.30.84 - - [30/Nov/2017:15:52:04 +0800] "GET /microserver/microserver44.html HTTP/1.1" 304 0 "-" "Mozilla/4.0 (compatible; MSIE 8.0; Windows NT 6.1; WOW64; Trident/4.0; SLCC2; .NET CLR 2.0.50727; .NET CLR 3.5.30729; .NET CLR 3.0.30729; Media Center PC 6.0; .NET4.0C; .NET4.0E; InfoPath.3)"
10.139.30.84 - - [30/Nov/2017:15:54:56 +0800] "GET /microserver/microserver45.html HTTP/1.1" 200 18466 "-" "Mozilla/4.0 (compatible; MSIE 8.0; Windows NT 6.1; WOW64; Trident/4.0; SLCC2; .NET CLR 2.0.50727; .NET CLR 3.5.30729; .NET CLR 3.0.30729; Media Center PC 6.0; .NET4.0C; .NET4.0E; InfoPath.3)"
10.139.30.84 - - [30/Nov/2017:15:55:04 +0800] "GET /microserver/microserver45.html HTTP/1.1" 304 0 "-" "Mozilla/4.0 (compatible; MSIE 8.0; Windows NT 6.1; WOW64; Trident/4.0; SLCC2; .NET CLR 2.0.50727; .NET CLR 3.5.30729; .NET CLR 3.0.30729; Media Center PC 6.0; .NET4.0C; .NET4.0E; InfoPath.3)"
10.139.30.76 - - [30/Nov/2017:17:32:10 +0800] "GET /report/microserver25.html HTTP/1.1" 304 0 "-" "Mozilla/5.0 (Windows NT 6.1; WOW64; rv:57.0) Gecko/20100101 Firefox/57.0"
10.139.30.76 - - [30/Nov/2017:17:32:10 +0800] "GET /favicon.ico HTTP/1.1" 404 169 "-" "Mozilla/5.0 (Windows NT 6.1; WOW64; rv:57.0) Gecko/20100101 Firefox/57.0"
10.139.30.76 - - [30/Nov/2017:17:36:30 +0800] "GET /report/microserver101.html HTTP/1.1" 404 169 "-" "Mozilla/5.0 (Windows NT 6.1; WOW64; rv:57.0) Gecko/20100101 Firefox/57.0"
10.139.30.76 - - [30/Nov/2017:17:36:56 +0800] "GET /microserver/microserver25.html HTTP/1.1" 200 9329 "-" "Mozilla/5.0 (Windows NT 6.1; WOW64; rv:57.0) Gecko/20100101 Firefox/57.0"
10.139.30.76 - - [30/Nov/2017:17:37:02 +0800] "GET /microserver/microserver125.html HTTP/1.1" 404 169 "-" "Mozilla/5.0 (Windows NT 6.1; WOW64; rv:57.0) Gecko/20100101 Firefox/57.0"
10.139.30.84 - - [30/Nov/2017:18:53:19 +0800] "GET /microserver/microserver48.html HTTP/1.1" 404 169 "-" "Mozilla/5.0 (Windows NT 6.1; WOW64; rv:56.0) Gecko/20100101 Firefox/56.0"
10.139.30.84 - - [30/Nov/2017:18:53:19 +0800] "GET /favicon.ico HTTP/1.1" 404 169 "-" "Mozilla/5.0 (Windows NT 6.1; WOW64; rv:56.0) Gecko/20100101 Firefox/56.0"
10.139.30.84 - - [30/Nov/2017:18:53:30 +0800] "GET /microserver/microserver46.html HTTP/1.1" 200 18466 "-" "Mozilla/5.0 (Windows NT 6.1; WOW64; rv:56.0) Gecko/20100101 Firefox/56.0"
10.139.30.84 - - [30/Nov/2017:18:54:29 +0800] "GET /microserver/microserver49.html HTTP/1.1" 404 571 "-" "Mozilla/4.0 (compatible; MSIE 8.0; Windows NT 6.1; WOW64; Trident/4.0; SLCC2; .NET CLR 2.0.50727; .NET CLR 3.5.30729; .NET CLR 3.0.30729; Media Center PC 6.0; .NET4.0C; .NET4.0E; InfoPath.3)"
10.139.30.84 - - [30/Nov/2017:18:54:42 +0800] "GET / HTTP/1.1" 200 612 "-" "Mozilla/4.0 (compatible; MSIE 8.0; Windows NT 6.1; WOW64; Trident/4.0; SLCC2; .NET CLR 2.0.50727; .NET CLR 3.5.30729; .NET CLR 3.0.30729; Media Center PC 6.0; .NET4.0C; .NET4.0E; InfoPath.3)"
10.139.30.84 - - [30/Nov/2017:18:54:42 +0800] "GET /favicon.ico HTTP/1.1" 404 571 "-" "Mozilla/4.0 (compatible; MSIE 8.0; Windows NT 6.1; WOW64; Trident/4.0; SLCC2; .NET CLR 2.0.50727; .NET CLR 3.5.30729; .NET CLR 3.0.30729; Media Center PC 6.0; .NET4.0C; .NET4.0E; InfoPath.3)"
10.139.30.84 - - [30/Nov/2017:18:57:20 +0800] "GET /microserver/microserver50.html HTTP/1.1" 200 18466 "-" "Mozilla/4.0 (compatible; MSIE 8.0; Windows NT 6.1; WOW64; Trident/4.0; SLCC2; .NET CLR 2.0.50727; .NET CLR 3.5.30729; .NET CLR 3.0.30729; Media Center PC 6.0; .NET4.0C; .NET4.0E; InfoPath.3)"
10.139.30.84 - - [30/Nov/2017:18:57:20 +0800] "GET /favicon.ico HTTP/1.1" 404 571 "-" "Mozilla/4.0 (compatible; MSIE 8.0; Windows NT 6.1; WOW64; Trident/4.0; SLCC2; .NET CLR 2.0.50727; .NET CLR 3.5.30729; .NET CLR 3.0.30729; Media Center PC 6.0; .NET4.0C; .NET4.0E; InfoPath.3)"
10.139.30.84 - - [30/Nov/2017:20:01:05 +0800] "GET /microserver/microserver51.html HTTP/1.1" 200 22795 "-" "Mozilla/4.0 (compatible; MSIE 8.0; Windows NT 6.1; WOW64; Trident/4.0; SLCC2; .NET CLR 2.0.50727; .NET CLR 3.5.30729; .NET CLR 3.0.30729; Media Center PC 6.0; .NET4.0C; .NET4.0E; InfoPath.3)"
10.139.30.84 - - [30/Nov/2017:20:14:19 +0800] "GET /microserver/microserver56.html HTTP/1.1" 200 22795 "-" "Mozilla/4.0 (compatible; MSIE 8.0; Windows NT 6.1; WOW64; Trident/4.0; SLCC2; .NET CLR 2.0.50727; .NET CLR 3.5.30729; .NET CLR 3.0.30729; Media Center PC 6.0; .NET4.0C; .NET4.0E; InfoPath.3)"
10.139.30.96 - - [01/Dec/2017:09:17:10 +0800] "GET /microserver/microserver57.html HTTP/1.1" 200 27531 "-" "Mozilla/5.0 (Windows NT 6.1; WOW64) AppleWebKit/537.36 (KHTML, like Gecko) Chrome/62.0.3202.94 Safari/537.36"
10.139.30.96 - - [01/Dec/2017:09:17:10 +0800] "GET /favicon.ico HTTP/1.1" 404 571 "http://dell-test-andri.vcredit.cn/microserver/microserver57.html" "Mozilla/5.0 (Windows NT 6.1; WOW64) AppleWebKit/537.36 (KHTML, like Gecko) Chrome/62.0.3202.94 Safari/537.36"
10.139.30.84 - - [01/Dec/2017:09:17:39 +0800] "GET /microserver/microserver57.html HTTP/1.1" 200 27531 "-" "Mozilla/4.0 (compatible; MSIE 8.0; Windows NT 6.1; WOW64; Trident/4.0; SLCC2; .NET CLR 2.0.50727; .NET CLR 3.5.30729; .NET CLR 3.0.30729; Media Center PC 6.0; .NET4.0C; .NET4.0E; InfoPath.3)"
10.139.30.84 - - [01/Dec/2017:09:17:43 +0800] "GET /microserver/microserver57.html HTTP/1.1" 304 0 "-" "Mozilla/4.0 (compatible; MSIE 8.0; Windows NT 6.1; WOW64; Trident/4.0; SLCC2; .NET CLR 2.0.50727; .NET CLR 3.5.30729; .NET CLR 3.0.30729; Media Center PC 6.0; .NET4.0C; .NET4.0E; InfoPath.3)"
10.139.30.85 - - [01/Dec/2017:09:21:57 +0800] "GET /microserver/microserver57.html HTTP/1.1" 200 27531 "-" "Mozilla/5.0 (Windows NT 6.1; WOW64) AppleWebKit/537.36 (KHTML, like Gecko) Chrome/62.0.3202.94 Safari/537.36"
10.139.30.85 - - [01/Dec/2017:09:21:58 +0800] "GET /favicon.ico HTTP/1.1" 404 571 "http://dell-test-andri.vcredit.cn/microserver/microserver57.html" "Mozilla/5.0 (Windows NT 6.1; WOW64) AppleWebKit/537.36 (KHTML, like Gecko) Chrome/62.0.3202.94 Safari/537.36"
10.139.30.85 - - [01/Dec/2017:09:23:28 +0800] "GET /favicon.ico HTTP/1.1" 404 571 "http://dell-test-andri.vcredit.cn/microserver/microserver57.html" "Mozilla/5.0 (Windows NT 6.1; WOW64) AppleWebKit/537.36 (KHTML, like Gecko) Chrome/62.0.3202.94 Safari/537.36"
10.139.30.84 - - [01/Dec/2017:09:23:54 +0800] "GET /microserver/microserver57.html HTTP/1.1" 304 0 "-" "Mozilla/4.0 (compatible; MSIE 8.0; Windows NT 6.1; WOW64; Trident/4.0; SLCC2; .NET CLR 2.0.50727; .NET CLR 3.5.30729; .NET CLR 3.0.30729; Media Center PC 6.0; .NET4.0C; .NET4.0E; InfoPath.3)"
10.139.30.84 - - [01/Dec/2017:09:29:28 +0800] "GET /microserver/microserver57.html HTTP/1.1" 304 0 "-" "Mozilla/4.0 (compatible; MSIE 8.0; Windows NT 6.1; WOW64; Trident/4.0; SLCC2; .NET CLR 2.0.50727; .NET CLR 3.5.30729; .NET CLR 3.0.30729; Media Center PC 6.0; .NET4.0C; .NET4.0E; InfoPath.3)"
10.139.30.84 - - [01/Dec/2017:09:42:19 +0800] "GET /microserver/microserver57.html HTTP/1.1" 304 0 "-" "Mozilla/4.0 (compatible; MSIE 8.0; Windows NT 6.1; WOW64; Trident/4.0; SLCC2; .NET CLR 2.0.50727; .NET CLR 3.5.30729; .NET CLR 3.0.30729; Media Center PC 6.0; .NET4.0C; .NET4.0E; InfoPath.3)"
10.139.30.84 - - [01/Dec/2017:09:42:29 +0800] "GET /microserver/microserver57.html HTTP/1.1" 200 27531 "-" "Mozilla/5.0 (Windows NT 6.1; WOW64) AppleWebKit/537.36 (KHTML, like Gecko) Chrome/62.0.3202.94 Safari/537.36"
10.139.30.84 - - [01/Dec/2017:09:42:30 +0800] "GET /favicon.ico HTTP/1.1" 404 571 "http://dell-test-andri.vcredit.cn/microserver/microserver57.html" "Mozilla/5.0 (Windows NT 6.1; WOW64) AppleWebKit/537.36 (KHTML, like Gecko) Chrome/62.0.3202.94 Safari/537.36"
10.139.30.84 - - [01/Dec/2017:09:53:17 +0800] "GET /microserver/microserver59.html HTTP/1.1" 200 22795 "-" "Mozilla/4.0 (compatible; MSIE 8.0; Windows NT 6.1; WOW64; Trident/4.0; SLCC2; .NET CLR 2.0.50727; .NET CLR 3.5.30729; .NET CLR 3.0.30729; Media Center PC 6.0; .NET4.0C; .NET4.0E; InfoPath.3)"
10.139.30.84 - - [01/Dec/2017:11:21:16 +0800] "GET /microserver/microserver59.html HTTP/1.1" 304 0 "-" "Mozilla/4.0 (compatible; MSIE 8.0; Windows NT 6.1; WOW64; Trident/4.0; SLCC2; .NET CLR 2.0.50727; .NET CLR 3.5.30729; .NET CLR 3.0.30729; Media Center PC 6.0; .NET4.0C; .NET4.0E; InfoPath.3)"
10.139.30.84 - - [01/Dec/2017:11:21:32 +0800] "GET /microserver/microserver25.html HTTP/1.1" 200 9329 "-" "Mozilla/4.0 (compatible; MSIE 8.0; Windows NT 6.1; WOW64; Trident/4.0; SLCC2; .NET CLR 2.0.50727; .NET CLR 3.5.30729; .NET CLR 3.0.30729; Media Center PC 6.0; .NET4.0C; .NET4.0E; InfoPath.3)"
10.139.30.84 - - [01/Dec/2017:11:25:25 +0800] "GET /microserver/microserver59.html HTTP/1.1" 304 0 "-" "Mozilla/4.0 (compatible; MSIE 8.0; Windows NT 6.1; WOW64; Trident/4.0; SLCC2; .NET CLR 2.0.50727; .NET CLR 3.5.30729; .NET CLR 3.0.30729; Media Center PC 6.0; .NET4.0C; .NET4.0E; InfoPath.3)"
10.139.30.84 - - [01/Dec/2017:11:26:01 +0800] "GET /microserver/microserver59.html HTTP/1.1" 304 0 "-" "Mozilla/4.0 (compatible; MSIE 8.0; Windows NT 6.1; WOW64; Trident/4.0; SLCC2; .NET CLR 2.0.50727; .NET CLR 3.5.30729; .NET CLR 3.0.30729; Media Center PC 6.0; .NET4.0C; .NET4.0E; InfoPath.3)"
10.139.30.85 - - [01/Dec/2017:13:27:11 +0800] "GET /microserver/microserver57.html HTTP/1.1" 304 0 "-" "Mozilla/5.0 (Windows NT 6.1; WOW64) AppleWebKit/537.36 (KHTML, like Gecko) Chrome/62.0.3202.94 Safari/537.36"
10.139.30.84 - - [01/Dec/2017:14:05:09 +0800] "GET /microserver/microserver61.html HTTP/1.1" 200 21859 "-" "Mozilla/4.0 (compatible; MSIE 8.0; Windows NT 6.1; WOW64; Trident/4.0; SLCC2; .NET CLR 2.0.50727; .NET CLR 3.5.30729; .NET CLR 3.0.30729; Media Center PC 6.0; .NET4.0C; .NET4.0E; InfoPath.3)"
10.139.30.84 - - [01/Dec/2017:14:07:44 +0800] "GET /microserver/microserver69.html HTTP/1.1" 404 571 "-" "Mozilla/4.0 (compatible; MSIE 8.0; Windows NT 6.1; WOW64; Trident/4.0; SLCC2; .NET CLR 2.0.50727; .NET CLR 3.5.30729; .NET CLR 3.0.30729; Media Center PC 6.0; .NET4.0C; .NET4.0E; InfoPath.3)"
10.139.30.84 - - [01/Dec/2017:14:07:53 +0800] "GET /microserver_debug/microserver69.html HTTP/1.1" 200 21859 "-" "Mozilla/4.0 (compatible; MSIE 8.0; Windows NT 6.1; WOW64; Trident/4.0; SLCC2; .NET CLR 2.0.50727; .NET CLR 3.5.30729; .NET CLR 3.0.30729; Media Center PC 6.0; .NET4.0C; .NET4.0E; InfoPath.3)"
10.139.30.84 - - [01/Dec/2017:14:08:58 +0800] "GET /microserver_bug/microserver70.html HTTP/1.1" 404 571 "-" "Mozilla/4.0 (compatible; MSIE 8.0; Windows NT 6.1; WOW64; Trident/4.0; SLCC2; .NET CLR 2.0.50727; .NET CLR 3.5.30729; .NET CLR 3.0.30729; Media Center PC 6.0; .NET4.0C; .NET4.0E; InfoPath.3)"
10.139.30.84 - - [01/Dec/2017:14:09:05 +0800] "GET /microserver_debug/microserver70.html HTTP/1.1" 200 21859 "-" "Mozilla/4.0 (compatible; MSIE 8.0; Windows NT 6.1; WOW64; Trident/4.0; SLCC2; .NET CLR 2.0.50727; .NET CLR 3.5.30729; .NET CLR 3.0.30729; Media Center PC 6.0; .NET4.0C; .NET4.0E; InfoPath.3)"
10.139.30.61 - - [01/Dec/2017:15:12:41 +0800] "GET /microserver/microserver59.html HTTP/1.1" 200 22795 "-" "Mozilla/5.0 (Windows NT 6.1; WOW64) AppleWebKit/537.36 (KHTML, like Gecko) Chrome/62.0.3202.94 Safari/537.36"
10.139.30.61 - - [01/Dec/2017:15:12:42 +0800] "GET /favicon.ico HTTP/1.1" 404 571 "http://dell-test-andri.vcredit.cn/microserver/microserver59.html" "Mozilla/5.0 (Windows NT 6.1; WOW64) AppleWebKit/537.36 (KHTML, like Gecko) Chrome/62.0.3202.94 Safari/537.36"
10.139.30.66 - - [01/Dec/2017:15:18:30 +0800] "GET /microserver/microserver59.html HTTP/1.1" 200 22795 "-" "Mozilla/5.0 (Windows NT 6.1; WOW64; Trident/7.0; rv:11.0) like Gecko"
10.139.30.66 - - [01/Dec/2017:15:18:30 +0800] "GET /favicon.ico HTTP/1.1" 404 169 "-" "Mozilla/5.0 (Windows NT 6.1; WOW64; Trident/7.0; rv:11.0) like Gecko"
10.139.30.66 - - [01/Dec/2017:15:18:49 +0800] "GET /microserver/microserver59.html HTTP/1.1" 200 22795 "-" "Mozilla/5.0 (Windows NT 6.1; WOW64) AppleWebKit/537.36 (KHTML, like Gecko) Chrome/56.0.2924.87 Safari/537.36"
10.139.30.66 - - [01/Dec/2017:15:18:50 +0800] "GET /favicon.ico HTTP/1.1" 404 571 "http://dell-test-andri.vcredit.cn/microserver/microserver59.html" "Mozilla/5.0 (Windows NT 6.1; WOW64) AppleWebKit/537.36 (KHTML, like Gecko) Chrome/56.0.2924.87 Safari/537.36"
10.139.30.84 - - [01/Dec/2017:15:33:01 +0800] "GET /microserver/microserver61.html HTTP/1.1" 304 0 "-" "Mozilla/4.0 (compatible; MSIE 8.0; Windows NT 6.1; WOW64; Trident/4.0; SLCC2; .NET CLR 2.0.50727; .NET CLR 3.5.30729; .NET CLR 3.0.30729; Media Center PC 6.0; .NET4.0C; .NET4.0E; InfoPath.3)"
10.139.30.93 - - [01/Dec/2017:16:09:51 +0800] "GET /microserver_bug/microserver76.html HTTP/1.1" 404 571 "-" "Mozilla/4.0 (compatible; MSIE 8.0; Windows NT 6.1; WOW64; Trident/4.0; SLCC2; .NET CLR 2.0.50727; .NET CLR 3.5.30729; .NET CLR 3.0.30729; Media Center PC 6.0; InfoPath.3; .NET4.0C; .NET4.0E)"
10.139.30.93 - - [01/Dec/2017:16:10:00 +0800] "GET /microserver_bug/microserver76.html HTTP/1.1" 404 571 "-" "Mozilla/4.0 (compatible; MSIE 8.0; Windows NT 6.1; WOW64; Trident/4.0; SLCC2; .NET CLR 2.0.50727; .NET CLR 3.5.30729; .NET CLR 3.0.30729; Media Center PC 6.0; InfoPath.3; .NET4.0C; .NET4.0E)"
10.139.30.84 - - [01/Dec/2017:16:13:10 +0800] "GET /microserver_bug/microserver79.html HTTP/1.1" 404 571 "-" "Mozilla/4.0 (compatible; MSIE 8.0; Windows NT 6.1; WOW64; Trident/4.0; SLCC2; .NET CLR 2.0.50727; .NET CLR 3.5.30729; .NET CLR 3.0.30729; Media Center PC 6.0; .NET4.0C; .NET4.0E; InfoPath.3)"
10.139.30.84 - - [01/Dec/2017:16:13:28 +0800] "GET / HTTP/1.1" 304 0 "-" "Mozilla/4.0 (compatible; MSIE 8.0; Windows NT 6.1; WOW64; Trident/4.0; SLCC2; .NET CLR 2.0.50727; .NET CLR 3.5.30729; .NET CLR 3.0.30729; Media Center PC 6.0; .NET4.0C; .NET4.0E; InfoPath.3)"
10.139.30.93 - - [01/Dec/2017:16:15:47 +0800] "GET /microserver_bug/microserver80.html HTTP/1.1" 404 571 "-" "Mozilla/4.0 (compatible; MSIE 8.0; Windows NT 6.1; WOW64; Trident/4.0; SLCC2; .NET CLR 2.0.50727; .NET CLR 3.5.30729; .NET CLR 3.0.30729; Media Center PC 6.0; InfoPath.3; .NET4.0C; .NET4.0E)"
10.139.30.93 - - [01/Dec/2017:16:15:51 +0800] "GET /microserver_bug/microserver80.html HTTP/1.1" 404 571 "-" "Mozilla/4.0 (compatible; MSIE 8.0; Windows NT 6.1; WOW64; Trident/4.0; SLCC2; .NET CLR 2.0.50727; .NET CLR 3.5.30729; .NET CLR 3.0.30729; Media Center PC 6.0; InfoPath.3; .NET4.0C; .NET4.0E)"
10.139.30.84 - - [01/Dec/2017:16:22:06 +0800] "GET /microserver_bug/microserver79.html HTTP/1.1" 404 571 "-" "Mozilla/4.0 (compatible; MSIE 8.0; Windows NT 6.1; WOW64; Trident/4.0; SLCC2; .NET CLR 2.0.50727; .NET CLR 3.5.30729; .NET CLR 3.0.30729; Media Center PC 6.0; .NET4.0C; .NET4.0E; InfoPath.3)"
10.139.30.84 - - [01/Dec/2017:16:23:43 +0800] "GET /microserver_debug/microserver82.html HTTP/1.1" 200 22879 "-" "Mozilla/4.0 (compatible; MSIE 8.0; Windows NT 6.1; WOW64; Trident/4.0; SLCC2; .NET CLR 2.0.50727; .NET CLR 3.5.30729; .NET CLR 3.0.30729; Media Center PC 6.0; .NET4.0C; .NET4.0E; InfoPath.3)"
10.139.30.84 - - [01/Dec/2017:16:25:02 +0800] "GET /microserver_debug/microserver84.html HTTP/1.1" 200 22879 "-" "Mozilla/4.0 (compatible; MSIE 8.0; Windows NT 6.1; WOW64; Trident/4.0; SLCC2; .NET CLR 2.0.50727; .NET CLR 3.5.30729; .NET CLR 3.0.30729; Media Center PC 6.0; .NET4.0C; .NET4.0E; InfoPath.3)"
10.139.30.84 - - [01/Dec/2017:16:25:09 +0800] "GET /microserver_debug/microserver84.html HTTP/1.1" 304 0 "-" "Mozilla/4.0 (compatible; MSIE 8.0; Windows NT 6.1; WOW64; Trident/4.0; SLCC2; .NET CLR 2.0.50727; .NET CLR 3.5.30729; .NET CLR 3.0.30729; Media Center PC 6.0; .NET4.0C; .NET4.0E; InfoPath.3)"
10.139.30.84 - - [01/Dec/2017:16:25:58 +0800] "GET /microserver_debug/microserver84.html HTTP/1.1" 304 0 "-" "Mozilla/4.0 (compatible; MSIE 8.0; Windows NT 6.1; WOW64; Trident/4.0; SLCC2; .NET CLR 2.0.50727; .NET CLR 3.5.30729; .NET CLR 3.0.30729; Media Center PC 6.0; .NET4.0C; .NET4.0E; InfoPath.3)"
10.139.30.84 - - [01/Dec/2017:16:26:59 +0800] "GET /microserver_debug/microserver84.html HTTP/1.1" 304 0 "-" "Mozilla/4.0 (compatible; MSIE 8.0; Windows NT 6.1; WOW64; Trident/4.0; SLCC2; .NET CLR 2.0.50727; .NET CLR 3.5.30729; .NET CLR 3.0.30729; Media Center PC 6.0; .NET4.0C; .NET4.0E; InfoPath.3)"
10.139.30.84 - - [01/Dec/2017:16:29:17 +0800] "GET /microserver_debug/microserver84.html HTTP/1.1" 304 0 "-" "Mozilla/4.0 (compatible; MSIE 8.0; Windows NT 6.1; WOW64; Trident/4.0; SLCC2; .NET CLR 2.0.50727; .NET CLR 3.5.30729; .NET CLR 3.0.30729; Media Center PC 6.0; .NET4.0C; .NET4.0E; InfoPath.3)"
10.139.30.84 - - [01/Dec/2017:16:38:35 +0800] "GET /microserver_debug/microserver88.html HTTP/1.1" 200 22879 "-" "Mozilla/4.0 (compatible; MSIE 8.0; Windows NT 6.1; WOW64; Trident/4.0; SLCC2; .NET CLR 2.0.50727; .NET CLR 3.5.30729; .NET CLR 3.0.30729; Media Center PC 6.0; .NET4.0C; .NET4.0E; InfoPath.3)"
10.139.30.84 - - [01/Dec/2017:16:40:22 +0800] "GET /microserver_debug/microserver89.html HTTP/1.1" 200 22879 "-" "Mozilla/4.0 (compatible; MSIE 8.0; Windows NT 6.1; WOW64; Trident/4.0; SLCC2; .NET CLR 2.0.50727; .NET CLR 3.5.30729; .NET CLR 3.0.30729; Media Center PC 6.0; .NET4.0C; .NET4.0E; InfoPath.3)"
10.139.30.84 - - [01/Dec/2017:16:40:48 +0800] "GET /microserver_debug/microserver89.html HTTP/1.1" 304 0 "-" "Mozilla/4.0 (compatible; MSIE 8.0; Windows NT 6.1; WOW64; Trident/4.0; SLCC2; .NET CLR 2.0.50727; .NET CLR 3.5.30729; .NET CLR 3.0.30729; Media Center PC 6.0; .NET4.0C; .NET4.0E; InfoPath.3)"
10.139.30.84 - - [01/Dec/2017:16:41:08 +0800] "GET /microserver_debug/microserver89.html HTTP/1.1" 304 0 "-" "Mozilla/4.0 (compatible; MSIE 8.0; Windows NT 6.1; WOW64; Trident/4.0; SLCC2; .NET CLR 2.0.50727; .NET CLR 3.5.30729; .NET CLR 3.0.30729; Media Center PC 6.0; .NET4.0C; .NET4.0E; InfoPath.3)"
10.139.30.85 - - [01/Dec/2017:16:49:21 +0800] "GET /microserver_debug/microserver91.html HTTP/1.1" 200 21859 "-" "Mozilla/5.0 (Windows NT 6.1; WOW64) AppleWebKit/537.36 (KHTML, like Gecko) Chrome/62.0.3202.94 Safari/537.36"
10.139.30.84 - - [01/Dec/2017:16:49:37 +0800] "GET /microserver_debug/microserver91.html HTTP/1.1" 200 21859 "-" "Mozilla/4.0 (compatible; MSIE 8.0; Windows NT 6.1; WOW64; Trident/4.0; SLCC2; .NET CLR 2.0.50727; .NET CLR 3.5.30729; .NET CLR 3.0.30729; Media Center PC 6.0; .NET4.0C; .NET4.0E; InfoPath.3)"
10.139.30.85 - - [01/Dec/2017:16:49:54 +0800] "GET /microserver_debug/microserver91.html HTTP/1.1" 304 0 "-" "Mozilla/5.0 (Windows NT 6.1; WOW64) AppleWebKit/537.36 (KHTML, like Gecko) Chrome/62.0.3202.94 Safari/537.36"
10.139.30.84 - - [01/Dec/2017:17:04:55 +0800] "GET /microserver_debug/microserver91.html HTTP/1.1" 304 0 "-" "Mozilla/4.0 (compatible; MSIE 8.0; Windows NT 6.1; WOW64; Trident/4.0; SLCC2; .NET CLR 2.0.50727; .NET CLR 3.5.30729; .NET CLR 3.0.30729; Media Center PC 6.0; .NET4.0C; .NET4.0E; InfoPath.3)"
10.139.30.84 - - [01/Dec/2017:17:05:21 +0800] "GET /microserver_debug/microserver91.html HTTP/1.1" 304 0 "-" "Mozilla/4.0 (compatible; MSIE 8.0; Windows NT 6.1; WOW64; Trident/4.0; SLCC2; .NET CLR 2.0.50727; .NET CLR 3.5.30729; .NET CLR 3.0.30729; Media Center PC 6.0; .NET4.0C; .NET4.0E; InfoPath.3)"
10.139.30.84 - - [01/Dec/2017:17:07:10 +0800] "GET /microserver_debug/microserver91.html HTTP/1.1" 304 0 "-" "Mozilla/4.0 (compatible; MSIE 8.0; Windows NT 6.1; WOW64; Trident/4.0; SLCC2; .NET CLR 2.0.50727; .NET CLR 3.5.30729; .NET CLR 3.0.30729; Media Center PC 6.0; .NET4.0C; .NET4.0E; InfoPath.3)"
10.139.30.84 - - [01/Dec/2017:17:20:27 +0800] "GET /microserver_debug/microserver93.html HTTP/1.1" 200 22803 "-" "Mozilla/4.0 (compatible; MSIE 8.0; Windows NT 6.1; WOW64; Trident/4.0; SLCC2; .NET CLR 2.0.50727; .NET CLR 3.5.30729; .NET CLR 3.0.30729; Media Center PC 6.0; .NET4.0C; .NET4.0E; InfoPath.3)"
10.139.30.84 - - [01/Dec/2017:17:25:17 +0800] "GET /microserver_debug/microserver95.html HTTP/1.1" 200 22803 "-" "Mozilla/4.0 (compatible; MSIE 8.0; Windows NT 6.1; WOW64; Trident/4.0; SLCC2; .NET CLR 2.0.50727; .NET CLR 3.5.30729; .NET CLR 3.0.30729; Media Center PC 6.0; .NET4.0C; .NET4.0E; InfoPath.3)"
10.139.30.84 - - [01/Dec/2017:17:26:01 +0800] "GET /microserver_debug/microserver95.html HTTP/1.1" 304 0 "-" "Mozilla/4.0 (compatible; MSIE 8.0; Windows NT 6.1; WOW64; Trident/4.0; SLCC2; .NET CLR 2.0.50727; .NET CLR 3.5.30729; .NET CLR 3.0.30729; Media Center PC 6.0; .NET4.0C; .NET4.0E; InfoPath.3)"
10.139.30.84 - - [01/Dec/2017:17:35:10 +0800] "GET /microserver/microserver62.html HTTP/1.1" 200 23346 "-" "Mozilla/4.0 (compatible; MSIE 8.0; Windows NT 6.1; WOW64; Trident/4.0; SLCC2; .NET CLR 2.0.50727; .NET CLR 3.5.30729; .NET CLR 3.0.30729; Media Center PC 6.0; .NET4.0C; .NET4.0E; InfoPath.3)"
10.139.30.97 - - [01/Dec/2017:17:38:51 +0800] "GET /microserver/microserver62.html HTTP/1.1" 200 23346 "-" "Mozilla/5.0 (Windows NT 6.1; Win64; x64; rv:57.0) Gecko/20100101 Firefox/57.0"
10.139.30.97 - - [01/Dec/2017:17:38:52 +0800] "GET /favicon.ico HTTP/1.1" 404 169 "-" "Mozilla/5.0 (Windows NT 6.1; Win64; x64; rv:57.0) Gecko/20100101 Firefox/57.0"
10.139.30.85 - - [04/Dec/2017:08:57:38 +0800] "GET /microserver/microserver243.html HTTP/1.1" 200 22408 "-" "Mozilla/5.0 (Windows NT 6.1; WOW64) AppleWebKit/537.36 (KHTML, like Gecko) Chrome/62.0.3202.94 Safari/537.36"
10.139.30.85 - - [04/Dec/2017:08:57:40 +0800] "GET /favicon.ico HTTP/1.1" 404 571 "http://dell-test-andri.vcredit.cn/microserver/microserver243.html" "Mozilla/5.0 (Windows NT 6.1; WOW64) AppleWebKit/537.36 (KHTML, like Gecko) Chrome/62.0.3202.94 Safari/537.36"
10.139.30.85 - - [04/Dec/2017:09:34:07 +0800] "GET /microserver/microserver241.html HTTP/1.1" 200 22408 "-" "Mozilla/5.0 (Windows NT 6.1; WOW64) AppleWebKit/537.36 (KHTML, like Gecko) Chrome/62.0.3202.94 Safari/537.36"
10.139.30.85 - - [04/Dec/2017:09:34:07 +0800] "GET /favicon.ico HTTP/1.1" 404 571 "http://dell-test-andri.vcredit.cn/microserver/microserver241.html" "Mozilla/5.0 (Windows NT 6.1; WOW64) AppleWebKit/537.36 (KHTML, like Gecko) Chrome/62.0.3202.94 Safari/537.36"
10.139.30.85 - - [04/Dec/2017:09:35:28 +0800] "GET /microserver/microserver123.html HTTP/1.1" 200 22408 "-" "Mozilla/5.0 (Windows NT 6.1; WOW64) AppleWebKit/537.36 (KHTML, like Gecko) Chrome/62.0.3202.94 Safari/537.36"
10.139.30.85 - - [04/Dec/2017:09:35:28 +0800] "GET /favicon.ico HTTP/1.1" 404 571 "http://dell-test-andri.vcredit.cn/microserver/microserver123.html" "Mozilla/5.0 (Windows NT 6.1; WOW64) AppleWebKit/537.36 (KHTML, like Gecko) Chrome/62.0.3202.94 Safari/537.36"
10.139.30.85 - - [04/Dec/2017:09:35:50 +0800] "GET /microserver/microserver124.html HTTP/1.1" 200 22408 "-" "Mozilla/5.0 (Windows NT 6.1; WOW64) AppleWebKit/537.36 (KHTML, like Gecko) Chrome/62.0.3202.94 Safari/537.36"
10.139.30.85 - - [04/Dec/2017:09:35:51 +0800] "GET /favicon.ico HTTP/1.1" 404 571 "http://dell-test-andri.vcredit.cn/microserver/microserver124.html" "Mozilla/5.0 (Windows NT 6.1; WOW64) AppleWebKit/537.36 (KHTML, like Gecko) Chrome/62.0.3202.94 Safari/537.36"
10.139.30.84 - - [04/Dec/2017:09:37:47 +0800] "GET /microserver/microserver123.html HTTP/1.1" 200 22408 "-" "Mozilla/4.0 (compatible; MSIE 8.0; Windows NT 6.1; WOW64; Trident/4.0; SLCC2; .NET CLR 2.0.50727; .NET CLR 3.5.30729; .NET CLR 3.0.30729; Media Center PC 6.0; .NET4.0C; .NET4.0E; InfoPath.3)"
10.139.30.84 - - [04/Dec/2017:09:46:21 +0800] "GET /microserver/microserver123.html HTTP/1.1" 304 0 "-" "Mozilla/4.0 (compatible; MSIE 8.0; Windows NT 6.1; WOW64; Trident/4.0; SLCC2; .NET CLR 2.0.50727; .NET CLR 3.5.30729; .NET CLR 3.0.30729; Media Center PC 6.0; .NET4.0C; .NET4.0E; InfoPath.3)"
10.139.30.84 - - [04/Dec/2017:09:46:53 +0800] "GET /microserver/microserver243.html HTTP/1.1" 200 22408 "-" "Mozilla/4.0 (compatible; MSIE 8.0; Windows NT 6.1; WOW64; Trident/4.0; SLCC2; .NET CLR 2.0.50727; .NET CLR 3.5.30729; .NET CLR 3.0.30729; Media Center PC 6.0; .NET4.0C; .NET4.0E; InfoPath.3)"
10.139.41.123 - - [04/Dec/2017:09:52:05 +0800] "GET /microserver/microserver145.html HTTP/1.1" 200 22408 "-" "Mozilla/5.0 (Windows NT 6.1; WOW64) AppleWebKit/537.36 (KHTML, like Gecko) Chrome/49.0.2623.221 Safari/537.36 SE 2.X MetaSr 1.0"
10.139.41.123 - - [04/Dec/2017:09:52:08 +0800] "GET /favicon.ico HTTP/1.1" 404 571 "-" "Mozilla/5.0 (Windows NT 6.1; WOW64) AppleWebKit/537.36 (KHTML, like Gecko) Chrome/49.0.2623.221 Safari/537.36 SE 2.X MetaSr 1.0"
10.139.30.84 - - [04/Dec/2017:10:03:42 +0800] "GET /microserver_debug/microserver96.html HTTP/1.1" 200 22803 "-" "Mozilla/4.0 (compatible; MSIE 8.0; Windows NT 6.1; WOW64; Trident/4.0; SLCC2; .NET CLR 2.0.50727; .NET CLR 3.5.30729; .NET CLR 3.0.30729; Media Center PC 6.0; .NET4.0C; .NET4.0E; InfoPath.3)"
10.139.30.84 - - [04/Dec/2017:10:37:18 +0800] "GET /microserver_debug/microserver97.html HTTP/1.1" 404 571 "-" "Mozilla/4.0 (compatible; MSIE 8.0; Windows NT 6.1; WOW64; Trident/4.0; SLCC2; .NET CLR 2.0.50727; .NET CLR 3.5.30729; .NET CLR 3.0.30729; Media Center PC 6.0; .NET4.0C; .NET4.0E; InfoPath.3)"
10.139.30.84 - - [04/Dec/2017:10:38:14 +0800] "GET /microserver_dev/microserver98.html HTTP/1.1" 200 23842 "-" "Mozilla/4.0 (compatible; MSIE 8.0; Windows NT 6.1; WOW64; Trident/4.0; SLCC2; .NET CLR 2.0.50727; .NET CLR 3.5.30729; .NET CLR 3.0.30729; Media Center PC 6.0; .NET4.0C; .NET4.0E; InfoPath.3)"
10.139.30.84 - - [04/Dec/2017:10:38:40 +0800] "GET /microserver_dev/microserver98.html HTTP/1.1" 304 0 "-" "Mozilla/4.0 (compatible; MSIE 8.0; Windows NT 6.1; WOW64; Trident/4.0; SLCC2; .NET CLR 2.0.50727; .NET CLR 3.5.30729; .NET CLR 3.0.30729; Media Center PC 6.0; .NET4.0C; .NET4.0E; InfoPath.3)"
10.139.41.132 - - [04/Dec/2017:10:39:27 +0800] "GET /microserver_dev/microserver98.html HTTP/1.1" 200 23842 "-" "Mozilla/5.0 (Linux; Android 7.0; ZUK Z2121 Build/NRD90M; wv) AppleWebKit/537.36 (KHTML, like Gecko) Version/4.0 Chrome/53.0.2785.49 Mobile MQQBrowser/6.2 TBS/043613 Safari/537.36"
10.139.30.84 - - [04/Dec/2017:10:42:55 +0800] "GET /microserver_dev/microserver98.html HTTP/1.1" 304 0 "-" "Mozilla/4.0 (compatible; MSIE 8.0; Windows NT 6.1; WOW64; Trident/4.0; SLCC2; .NET CLR 2.0.50727; .NET CLR 3.5.30729; .NET CLR 3.0.30729; Media Center PC 6.0; .NET4.0C; .NET4.0E; InfoPath.3)"
10.139.30.84 - - [04/Dec/2017:11:27:26 +0800] "GET /microserver_dev/microserver98.html HTTP/1.1" 304 0 "-" "Mozilla/4.0 (compatible; MSIE 8.0; Windows NT 6.1; WOW64; Trident/4.0; SLCC2; .NET CLR 2.0.50727; .NET CLR 3.5.30729; .NET CLR 3.0.30729; Media Center PC 6.0; .NET4.0C; .NET4.0E; InfoPath.3)"
10.139.30.84 - - [04/Dec/2017:11:27:38 +0800] "GET /microserver_debug/microserver97.html HTTP/1.1" 404 571 "-" "Mozilla/4.0 (compatible; MSIE 8.0; Windows NT 6.1; WOW64; Trident/4.0; SLCC2; .NET CLR 2.0.50727; .NET CLR 3.5.30729; .NET CLR 3.0.30729; Media Center PC 6.0; .NET4.0C; .NET4.0E; InfoPath.3)"
10.139.30.84 - - [04/Dec/2017:11:27:43 +0800] "GET /microserver_debug/microserver97.html HTTP/1.1" 404 571 "-" "Mozilla/4.0 (compatible; MSIE 8.0; Windows NT 6.1; WOW64; Trident/4.0; SLCC2; .NET CLR 2.0.50727; .NET CLR 3.5.30729; .NET CLR 3.0.30729; Media Center PC 6.0; .NET4.0C; .NET4.0E; InfoPath.3)"
10.139.30.84 - - [04/Dec/2017:11:48:36 +0800] "GET /microserver_dev/microserver98.html HTTP/1.1" 304 0 "-" "Mozilla/4.0 (compatible; MSIE 8.0; Windows NT 6.1; WOW64; Trident/4.0; SLCC2; .NET CLR 2.0.50727; .NET CLR 3.5.30729; .NET CLR 3.0.30729; Media Center PC 6.0; .NET4.0C; .NET4.0E; InfoPath.3)"
10.139.30.84 - - [04/Dec/2017:17:29:59 +0800] "GET /microserver_dev/microserver98.html HTTP/1.1" 304 0 "-" "Mozilla/4.0 (compatible; MSIE 8.0; Windows NT 6.1; WOW64; Trident/4.0; SLCC2; .NET CLR 2.0.50727; .NET CLR 3.5.30729; .NET CLR 3.0.30729; Media Center PC 6.0; .NET4.0C; .NET4.0E; InfoPath.3)"
10.139.30.84 - - [04/Dec/2017:18:12:29 +0800] "GET /microserver_debug/microserver97.html HTTP/1.1" 404 571 "-" "Mozilla/4.0 (compatible; MSIE 8.0; Windows NT 6.1; WOW64; Trident/4.0; SLCC2; .NET CLR 2.0.50727; .NET CLR 3.5.30729; .NET CLR 3.0.30729; Media Center PC 6.0; .NET4.0C; .NET4.0E; InfoPath.3)"
10.139.30.84 - - [04/Dec/2017:18:12:33 +0800] "GET /microserver_dev/microserver98.html HTTP/1.1" 304 0 "-" "Mozilla/4.0 (compatible; MSIE 8.0; Windows NT 6.1; WOW64; Trident/4.0; SLCC2; .NET CLR 2.0.50727; .NET CLR 3.5.30729; .NET CLR 3.0.30729; Media Center PC 6.0; .NET4.0C; .NET4.0E; InfoPath.3)"
10.139.30.85 - - [05/Dec/2017:08:53:48 +0800] "GET /microserver/microserver244.html HTTP/1.1" 404 571 "-" "Mozilla/5.0 (Windows NT 6.1; WOW64) AppleWebKit/537.36 (KHTML, like Gecko) Chrome/62.0.3202.94 Safari/537.36"
10.139.30.85 - - [05/Dec/2017:08:53:49 +0800] "GET /favicon.ico HTTP/1.1" 404 571 "http://dell-test-andri.vcredit.cn/microserver/microserver244.html" "Mozilla/5.0 (Windows NT 6.1; WOW64) AppleWebKit/537.36 (KHTML, like Gecko) Chrome/62.0.3202.94 Safari/537.36"
10.139.30.84 - - [05/Dec/2017:08:53:56 +0800] "GET /microserver/microserver244.html HTTP/1.1" 404 571 "-" "Mozilla/4.0 (compatible; MSIE 8.0; Windows NT 6.1; WOW64; Trident/4.0; SLCC2; .NET CLR 2.0.50727; .NET CLR 3.5.30729; .NET CLR 3.0.30729; Media Center PC 6.0; .NET4.0C; .NET4.0E; InfoPath.3)"
10.139.30.84 - - [05/Dec/2017:09:01:54 +0800] "GET /microserver_dev/microserver100.html HTTP/1.1" 200 24735 "-" "Mozilla/4.0 (compatible; MSIE 8.0; Windows NT 6.1; WOW64; Trident/4.0; SLCC2; .NET CLR 2.0.50727; .NET CLR 3.5.30729; .NET CLR 3.0.30729; Media Center PC 6.0; .NET4.0C; .NET4.0E; InfoPath.3)"
10.139.30.84 - - [05/Dec/2017:09:05:05 +0800] "GET /microserver/microserver245.html HTTP/1.1" 200 24639 "-" "Mozilla/4.0 (compatible; MSIE 8.0; Windows NT 6.1; WOW64; Trident/4.0; SLCC2; .NET CLR 2.0.50727; .NET CLR 3.5.30729; .NET CLR 3.0.30729; Media Center PC 6.0; .NET4.0C; .NET4.0E; InfoPath.3)"
10.139.30.84 - - [05/Dec/2017:09:06:25 +0800] "GET /microserver/microserver245.html HTTP/1.1" 304 0 "-" "Mozilla/4.0 (compatible; MSIE 8.0; Windows NT 6.1; WOW64; Trident/4.0; SLCC2; .NET CLR 2.0.50727; .NET CLR 3.5.30729; .NET CLR 3.0.30729; Media Center PC 6.0; .NET4.0C; .NET4.0E; InfoPath.3)"
10.139.30.85 - - [05/Dec/2017:09:29:39 +0800] "GET /microserver/microserver245.html HTTP/1.1" 200 24639 "-" "Mozilla/5.0 (Windows NT 6.1; WOW64) AppleWebKit/537.36 (KHTML, like Gecko) Chrome/62.0.3202.94 Safari/537.36"
10.139.30.85 - - [05/Dec/2017:09:29:39 +0800] "GET /favicon.ico HTTP/1.1" 404 571 "http://dell-test-andri.vcredit.cn/microserver/microserver245.html" "Mozilla/5.0 (Windows NT 6.1; WOW64) AppleWebKit/537.36 (KHTML, like Gecko) Chrome/62.0.3202.94 Safari/537.36"
10.139.30.96 - - [05/Dec/2017:09:30:07 +0800] "GET /microserver/microserver244.html HTTP/1.1" 404 571 "-" "Mozilla/5.0 (Windows NT 6.1; WOW64) AppleWebKit/537.36 (KHTML, like Gecko) Chrome/62.0.3202.94 Safari/537.36"
10.139.30.96 - - [05/Dec/2017:09:30:07 +0800] "GET /favicon.ico HTTP/1.1" 404 571 "http://dell-test-andri.vcredit.cn/microserver/microserver244.html" "Mozilla/5.0 (Windows NT 6.1; WOW64) AppleWebKit/537.36 (KHTML, like Gecko) Chrome/62.0.3202.94 Safari/537.36"
10.139.30.96 - - [05/Dec/2017:09:30:33 +0800] "GET /microserver/microserver245.html HTTP/1.1" 200 24639 "-" "Mozilla/5.0 (Windows NT 6.1; WOW64) AppleWebKit/537.36 (KHTML, like Gecko) Chrome/62.0.3202.94 Safari/537.36"
10.139.30.84 - - [05/Dec/2017:17:44:31 +0800] "GET /microserver_dev/microserver99.html HTTP/1.1" 200 28538 "-" "Mozilla/4.0 (compatible; MSIE 8.0; Windows NT 6.1; WOW64; Trident/4.0; SLCC2; .NET CLR 2.0.50727; .NET CLR 3.5.30729; .NET CLR 3.0.30729; Media Center PC 6.0; .NET4.0C; .NET4.0E; InfoPath.3)"
10.139.30.84 - - [05/Dec/2017:20:29:08 +0800] "GET /microserver_dev/microserver101.html HTTP/1.1" 200 23722 "-" "Mozilla/4.0 (compatible; MSIE 8.0; Windows NT 6.1; WOW64; Trident/4.0; SLCC2; .NET CLR 2.0.50727; .NET CLR 3.5.30729; .NET CLR 3.0.30729; Media Center PC 6.0; .NET4.0C; .NET4.0E; InfoPath.3)"
10.139.30.84 - - [05/Dec/2017:20:30:08 +0800] "GET /microserver_dev/microserver101.html HTTP/1.1" 304 0 "-" "Mozilla/4.0 (compatible; MSIE 8.0; Windows NT 6.1; WOW64; Trident/4.0; SLCC2; .NET CLR 2.0.50727; .NET CLR 3.5.30729; .NET CLR 3.0.30729; Media Center PC 6.0; .NET4.0C; .NET4.0E; InfoPath.3)"
10.139.30.84 - - [05/Dec/2017:20:34:09 +0800] "GET /microserver_dev/microserver103.html HTTP/1.1" 200 22678 "-" "Mozilla/4.0 (compatible; MSIE 8.0; Windows NT 6.1; WOW64; Trident/4.0; SLCC2; .NET CLR 2.0.50727; .NET CLR 3.5.30729; .NET CLR 3.0.30729; Media Center PC 6.0; .NET4.0C; .NET4.0E; InfoPath.3)"
10.139.30.84 - - [05/Dec/2017:20:40:57 +0800] "GET /microserver/microserver246.html HTTP/1.1" 200 147361 "-" "Mozilla/4.0 (compatible; MSIE 8.0; Windows NT 6.1; WOW64; Trident/4.0; SLCC2; .NET CLR 2.0.50727; .NET CLR 3.5.30729; .NET CLR 3.0.30729; Media Center PC 6.0; .NET4.0C; .NET4.0E; InfoPath.3)"
10.139.30.96 - - [06/Dec/2017:09:08:37 +0800] "GET /microserver/microserver248.html HTTP/1.1" 200 86575 "-" "Mozilla/5.0 (Windows NT 6.1; WOW64) AppleWebKit/537.36 (KHTML, like Gecko) Chrome/62.0.3202.94 Safari/537.36"
10.139.30.84 - - [06/Dec/2017:09:10:17 +0800] "GET /microserver/microserver247.html HTTP/1.1" 200 147361 "-" "Mozilla/4.0 (compatible; MSIE 8.0; Windows NT 6.1; WOW64; Trident/4.0; SLCC2; .NET CLR 2.0.50727; .NET CLR 3.5.30729; .NET CLR 3.0.30729; Media Center PC 6.0; .NET4.0C; .NET4.0E; InfoPath.3)"
10.139.30.84 - - [06/Dec/2017:09:11:35 +0800] "GET /microserver/microserver247.html HTTP/1.1" 304 0 "-" "Mozilla/4.0 (compatible; MSIE 8.0; Windows NT 6.1; WOW64; Trident/4.0; SLCC2; .NET CLR 2.0.50727; .NET CLR 3.5.30729; .NET CLR 3.0.30729; Media Center PC 6.0; .NET4.0C; .NET4.0E; InfoPath.3)"
10.139.30.84 - - [06/Dec/2017:09:13:56 +0800] "GET /microserver/microserver248.html HTTP/1.1" 200 86575 "-" "Mozilla/4.0 (compatible; MSIE 8.0; Windows NT 6.1; WOW64; Trident/4.0; SLCC2; .NET CLR 2.0.50727; .NET CLR 3.5.30729; .NET CLR 3.0.30729; Media Center PC 6.0; .NET4.0C; .NET4.0E; InfoPath.3)"
10.139.41.123 - - [06/Dec/2017:09:14:25 +0800] "GET /microserver/microserver248.html HTTP/1.1" 200 86575 "-" "Mozilla/5.0 (Windows NT 6.1; WOW64) AppleWebKit/537.36 (KHTML, like Gecko) Chrome/49.0.2623.221 Safari/537.36 SE 2.X MetaSr 1.0"
10.139.41.123 - - [06/Dec/2017:09:14:51 +0800] "GET /microserver/microserver247.html HTTP/1.1" 200 147361 "-" "Mozilla/5.0 (Windows NT 6.1; WOW64) AppleWebKit/537.36 (KHTML, like Gecko) Chrome/49.0.2623.221 Safari/537.36 SE 2.X MetaSr 1.0"
10.139.30.84 - - [06/Dec/2017:09:14:58 +0800] "GET /microserver/microserver248.html HTTP/1.1" 304 0 "-" "Mozilla/4.0 (compatible; MSIE 8.0; Windows NT 6.1; WOW64; Trident/4.0; SLCC2; .NET CLR 2.0.50727; .NET CLR 3.5.30729; .NET CLR 3.0.30729; Media Center PC 6.0; .NET4.0C; .NET4.0E; InfoPath.3)"
10.139.30.98 - - [06/Dec/2017:09:55:38 +0800] "GET /microserver/microserver245.html HTTP/1.1" 200 24639 "-" "Mozilla/4.0 (compatible; MSIE 8.0; Windows NT 6.1; WOW64; Trident/4.0; SLCC2; .NET CLR 2.0.50727; .NET CLR 3.5.30729; .NET CLR 3.0.30729; Media Center PC 6.0; InfoPath.3; .NET4.0C; .NET4.0E)"
10.139.30.98 - - [06/Dec/2017:09:55:39 +0800] "GET /favicon.ico HTTP/1.1" 404 571 "-" "Mozilla/4.0 (compatible; MSIE 8.0; Windows NT 6.1; WOW64; Trident/4.0; SLCC2; .NET CLR 2.0.50727; .NET CLR 3.5.30729; .NET CLR 3.0.30729; Media Center PC 6.0; InfoPath.3; .NET4.0C; .NET4.0E)"
10.139.30.84 - - [06/Dec/2017:09:58:14 +0800] "GET /microserver_dev/microserver104.html HTTP/1.1" 200 86731 "-" "Mozilla/4.0 (compatible; MSIE 8.0; Windows NT 6.1; WOW64; Trident/4.0; SLCC2; .NET CLR 2.0.50727; .NET CLR 3.5.30729; .NET CLR 3.0.30729; Media Center PC 6.0; .NET4.0C; .NET4.0E; InfoPath.3)"
10.139.30.76 - - [06/Dec/2017:13:51:27 +0800] "GET / HTTP/1.1" 200 612 "-" "Mozilla/5.0 (Windows NT 6.1; WOW64; rv:57.0) Gecko/20100101 Firefox/57.0"
10.139.30.76 - - [06/Dec/2017:13:51:27 +0800] "GET /favicon.ico HTTP/1.1" 404 169 "-" "Mozilla/5.0 (Windows NT 6.1; WOW64; rv:57.0) Gecko/20100101 Firefox/57.0"
10.139.30.76 - - [06/Dec/2017:13:51:48 +0800] "GET /microserver/microserver41.html HTTP/1.1" 304 0 "-" "Mozilla/5.0 (Windows NT 6.1; WOW64; rv:57.0) Gecko/20100101 Firefox/57.0"
10.139.30.85 - - [07/Dec/2017:08:45:39 +0800] "GET /microserver/microserver248.html HTTP/1.1" 200 86575 "-" "Mozilla/5.0 (Windows NT 6.1; WOW64) AppleWebKit/537.36 (KHTML, like Gecko) Chrome/62.0.3202.94 Safari/537.36"
10.139.30.85 - - [07/Dec/2017:08:45:48 +0800] "GET /favicon.ico HTTP/1.1" 404 571 "http://dell-test-andri.vcredit.cn/microserver/microserver248.html" "Mozilla/5.0 (Windows NT 6.1; WOW64) AppleWebKit/537.36 (KHTML, like Gecko) Chrome/62.0.3202.94 Safari/537.36"
10.139.30.85 - - [07/Dec/2017:08:46:22 +0800] "GET /microserver/microserver249.html HTTP/1.1" 200 86575 "-" "Mozilla/5.0 (Windows NT 6.1; WOW64) AppleWebKit/537.36 (KHTML, like Gecko) Chrome/62.0.3202.94 Safari/537.36"
10.139.30.85 - - [07/Dec/2017:08:46:22 +0800] "GET /favicon.ico HTTP/1.1" 404 571 "http://dell-test-andri.vcredit.cn/microserver/microserver249.html" "Mozilla/5.0 (Windows NT 6.1; WOW64) AppleWebKit/537.36 (KHTML, like Gecko) Chrome/62.0.3202.94 Safari/537.36"
10.139.30.85 - - [07/Dec/2017:08:51:21 +0800] "GET /favicon.ico HTTP/1.1" 404 571 "http://dell-test-andri.vcredit.cn/microserver/microserver249.html" "Mozilla/5.0 (Windows NT 6.1; WOW64) AppleWebKit/537.36 (KHTML, like Gecko) Chrome/62.0.3202.94 Safari/537.36"
10.139.30.84 - - [07/Dec/2017:09:12:39 +0800] "GET /microserver/microserver249.html HTTP/1.1" 200 86575 "-" "Mozilla/4.0 (compatible; MSIE 8.0; Windows NT 6.1; WOW64; Trident/4.0; SLCC2; .NET CLR 2.0.50727; .NET CLR 3.5.30729; .NET CLR 3.0.30729; Media Center PC 6.0; .NET4.0C; .NET4.0E; InfoPath.3)"
10.139.30.84 - - [07/Dec/2017:09:35:40 +0800] "GET /microserver_dev/microserver105.html HTTP/1.1" 200 86731 "-" "Mozilla/4.0 (compatible; MSIE 8.0; Windows NT 6.1; WOW64; Trident/4.0; SLCC2; .NET CLR 2.0.50727; .NET CLR 3.5.30729; .NET CLR 3.0.30729; Media Center PC 6.0; .NET4.0C; .NET4.0E; InfoPath.3)"
10.139.30.84 - - [07/Dec/2017:09:37:07 +0800] "GET /microserver/microserver249.html HTTP/1.1" 304 0 "-" "Mozilla/4.0 (compatible; MSIE 8.0; Windows NT 6.1; WOW64; Trident/4.0; SLCC2; .NET CLR 2.0.50727; .NET CLR 3.5.30729; .NET CLR 3.0.30729; Media Center PC 6.0; .NET4.0C; .NET4.0E; InfoPath.3)"
10.139.30.84 - - [07/Dec/2017:20:20:38 +0800] "GET /microserver_dev/microserver106.html HTTP/1.1" 200 30763 "-" "Mozilla/4.0 (compatible; MSIE 8.0; Windows NT 6.1; WOW64; Trident/4.0; SLCC2; .NET CLR 2.0.50727; .NET CLR 3.5.30729; .NET CLR 3.0.30729; Media Center PC 6.0; .NET4.0C; .NET4.0E; InfoPath.3)"
10.139.30.84 - - [07/Dec/2017:21:18:31 +0800] "GET /microserver_dev/microserver107.html HTTP/1.1" 200 30763 "-" "Mozilla/4.0 (compatible; MSIE 8.0; Windows NT 6.1; WOW64; Trident/4.0; SLCC2; .NET CLR 2.0.50727; .NET CLR 3.5.30729; .NET CLR 3.0.30729; Media Center PC 6.0; .NET4.0C; .NET4.0E; InfoPath.3)"
10.139.30.84 - - [08/Dec/2017:08:58:47 +0800] "GET /microserver/microserver250.html HTTP/1.1" 200 52966 "-" "Mozilla/4.0 (compatible; MSIE 8.0; Windows NT 6.1; WOW64; Trident/4.0; SLCC2; .NET CLR 2.0.50727; .NET CLR 3.5.30729; .NET CLR 3.0.30729; Media Center PC 6.0; .NET4.0C; .NET4.0E; InfoPath.3)"
10.139.30.85 - - [08/Dec/2017:09:00:02 +0800] "GET /microserver/microserver250.html HTTP/1.1" 200 52966 "-" "Mozilla/5.0 (Windows NT 6.1; WOW64) AppleWebKit/537.36 (KHTML, like Gecko) Chrome/62.0.3202.94 Safari/537.36"
10.139.30.85 - - [08/Dec/2017:09:00:04 +0800] "GET /favicon.ico HTTP/1.1" 404 571 "http://dell-test-andri.vcredit.cn/microserver/microserver250.html" "Mozilla/5.0 (Windows NT 6.1; WOW64) AppleWebKit/537.36 (KHTML, like Gecko) Chrome/62.0.3202.94 Safari/537.36"
10.139.30.96 - - [08/Dec/2017:09:03:27 +0800] "GET /microserver/microserver250.html HTTP/1.1" 200 52966 "-" "Mozilla/5.0 (Windows NT 6.1; WOW64) AppleWebKit/537.36 (KHTML, like Gecko) Chrome/62.0.3202.94 Safari/537.36"
10.139.30.96 - - [08/Dec/2017:09:03:27 +0800] "GET /favicon.ico HTTP/1.1" 404 571 "http://dell-test-andri.vcredit.cn/microserver/microserver250.html" "Mozilla/5.0 (Windows NT 6.1; WOW64) AppleWebKit/537.36 (KHTML, like Gecko) Chrome/62.0.3202.94 Safari/537.36"
10.139.30.84 - - [08/Dec/2017:09:04:59 +0800] "GET /microserver/microserver250.html HTTP/1.1" 304 0 "-" "Mozilla/4.0 (compatible; MSIE 8.0; Windows NT 6.1; WOW64; Trident/4.0; SLCC2; .NET CLR 2.0.50727; .NET CLR 3.5.30729; .NET CLR 3.0.30729; Media Center PC 6.0; .NET4.0C; .NET4.0E; InfoPath.3)"
10.139.30.84 - - [08/Dec/2017:09:07:35 +0800] "GET /microserver/microserver250.html HTTP/1.1" 304 0 "-" "Mozilla/4.0 (compatible; MSIE 8.0; Windows NT 6.1; WOW64; Trident/4.0; SLCC2; .NET CLR 2.0.50727; .NET CLR 3.5.30729; .NET CLR 3.0.30729; Media Center PC 6.0; .NET4.0C; .NET4.0E; InfoPath.3)"
10.139.30.84 - - [08/Dec/2017:10:06:50 +0800] "GET /microserver/microserver250.html HTTP/1.1" 304 0 "-" "Mozilla/4.0 (compatible; MSIE 8.0; Windows NT 6.1; WOW64; Trident/4.0; SLCC2; .NET CLR 2.0.50727; .NET CLR 3.5.30729; .NET CLR 3.0.30729; Media Center PC 6.0; .NET4.0C; .NET4.0E; InfoPath.3)"
10.139.30.85 - - [08/Dec/2017:10:32:59 +0800] "GET /microserver/microserver250.html HTTP/1.1" 304 0 "-" "Mozilla/5.0 (Windows NT 6.1; WOW64) AppleWebKit/537.36 (KHTML, like Gecko) Chrome/62.0.3202.94 Safari/537.36"
